Microchip MPLAB XC8 Compiler V2.45

Linker command line:

-W-3 \
  --edf=/home/snob/.mchp_packs/Microchip/PIC12-16F1xxx_DFP/1.7.242/xc8/pic/dat/20230907200743_en.msgs \
  -cn -h+dist/default/production/at2usbClassic.X.production.sym \
  --cmf=dist/default/production/at2usbClassic.X.production.cmf -z -Q16F1455 \
  -o/tmp/xcXHFPMBi/driver_tmp_3.o --defsym=__MPLAB_BUILD=1 \
  --fixupoverflow=error \
  -Mdist/default/production/at2usbClassic.X.production.map \
  --md=/tmp/xcXHFPMBi/driver_tmp_0.dat -E1 -ver=XC8 Compiler --acfsm=1493 \
  -ACODE=00h-07FFhx4 -ASTRCODE=00h-01FFFh -ASTRING=00h-0FFhx32 \
  -ACONST=00h-0FFhx32 -AENTRY=00h-0FFhx32 -ACOMMON=070h-07Fh \
  -ABANK0=020h-06Fh -ABANK1=0A0h-0EFh -ABANK2=0120h-016Fh \
  -ABANK3=01A0h-01EFh -ABANK4=0220h-026Fh -ABANK5=02A0h-02EFh \
  -ABANK6=0320h-036Fh -ABANK7=03A0h-03EFh -ABANK8=0420h-046Fh \
  -ABANK9=04A0h-04EFh -ABANK10=0520h-056Fh -ABANK11=05A0h-05EFh \
  -ABANK12=0620h-064Fh -ABIGRAM=02000h-023EFh \
  -ARAM=020h-06Fh,0A0h-0EFh,0120h-016Fh,01A0h-01EFh,0220h-026Fh,02A0h-02EFh,0320h-036Fh,03A0h-03EFh,0420h-046Fh,04A0h-04EFh,0520h-056Fh,05A0h-05EFh,0620h-064Fh \
  -AABS1=020h-07Fh,0A0h-0EFh,0120h-016Fh,01A0h-01EFh,0220h-026Fh,02A0h-02EFh,0320h-036Fh,03A0h-03EFh,0420h-046Fh,04A0h-04EFh,0520h-056Fh,05A0h-05EFh,0620h-064Fh \
  -ASFR0=00h-01Fh -ASFR1=080h-09Fh -ASFR2=0100h-011Fh -ASFR3=0180h-019Fh \
  -ASFR4=0200h-021Fh -ASFR5=0280h-029Fh -ASFR6=0300h-031Fh \
  -ASFR7=0380h-039Fh -ASFR8=0400h-041Fh -ASFR9=0480h-049Fh \
  -ASFR10=0500h-051Fh -ASFR11=0580h-059Fh -ASFR12=0600h-061Fh \
  -ASFR13=0680h-06EFh -ASFR14=0700h-076Fh -ASFR15=0780h-07EFh \
  -ASFR16=0800h-086Fh -ASFR17=0880h-08EFh -ASFR18=0900h-096Fh \
  -ASFR19=0980h-09EFh -ASFR20=0A00h-0A6Fh -ASFR21=0A80h-0AEFh \
  -ASFR22=0B00h-0B6Fh -ASFR23=0B80h-0BEFh -ASFR24=0C00h-0C6Fh \
  -ASFR25=0C80h-0CEFh -ASFR26=0D00h-0D6Fh -ASFR27=0D80h-0DEFh \
  -ASFR28=0E00h-0E6Fh -ASFR29=0E80h-0EEFh -ASFR30=0F00h-0F6Fh \
  -ASFR31=0F80h-0FEFh -ACONFIG=08007h-08008h -DCONFIG=2 \
  -AIDLOC=08000h-08003h -DIDLOC=2 -DCODE=2 -DSTRCODE=2 -DSTRING=2 -DCONST=2 \
  -DENTRY=2 -preset_vec=00h,intentry=04h,init,end_init -ppowerup=CODE \
  -pcinit=CODE -pfunctab=ENTRY -k /tmp/xcXHFPMBi/driver_tmp_12.o \
  dist/default/production/at2usbClassic.X.production.o 

Object code version is 3.11

Machine type is 16F1455



                Name                               Link     Load   Length Selector   Space Scale
/tmp/xcXHFPMBi/driver_tmp_12.o
                end_init                             3D       3D        2        8       0
                reset_vec                             0        0        2        0       0
                config                             8007     8007        2        0       4
dist/default/production/at2usbClassic.X.production.o
                cinit                                3F       3F       48        8       0
                intentry                              4        4       39        8       0
                config                             8007     8007        2        0       4
                text102                            10CC     10CC       18     2198       0
                text101                            1E80     1E80        3     3D00       0
                text100                               2        2        1        0       0
                text99                             1085     1085        4     210A       0
                text98                             13A6     13A6       3A     274C       0
                text97                             11F0     11F0       1F     23E0       0
                text96                             1EE0     1EE0        9     3DC0       0
                text95                             1FC3     1FC3       14     3F86       0
                text94                             14D8     14D8       45     29B0       0
                text93                             112F     112F       1B     225E       0
                text92                             12F8     12F8       26     25F0       0
                text91                             1798     1798       68     2F30       0
                text90                              4FA      4FA       F5      9F4       0
                text89                                3        3        1        6       0
                text88                             1F2B     1F2B        D     3E56       0
                text87                             1F6C     1F6C       11     3ED8       0
                text86                              7FF      7FF        1      9F4       0
                text85                             1F38     1F38        D     3E70       0
                text84                             1EF2     1EF2        B     3DE4       0
                text83                              7FE      7FE        1      9F4       0
                text82                             1EE9     1EE9        9     3DD2       0
                text81                             1F13     1F13        C     3E26       0
                text80                             16CA     16CA       67     2D94       0
                text79                             1115     1115       1A     222A       0
                text78                              800      800        A     1000       0
                text77                             1E92     1E92        7     3D24       0
                text76                              AE6      AE6       7B     15CC       0
                text75                              A00      A00       72     1400       0
                text74                              F4D      F4D       B3     1E9A       0
                text73                             13E0     13E0       3A     27C0       0
                text72                             1458     1458       3F     28B0       0
                text71                             122E     122E       20     245C       0
                text70                             124E     124E       20     249C       0
                text69                              B61      B61       80     16C2       0
                text68                              80A      80A       48     1014       0
                text67                             1F45     1F45        D     3E8A       0
                text66                             1F52     1F52        D     3EA4       0
                text65                              CE2      CE2       8E     19C4       0
                text64                             141A     141A       3E     2834       0
                text63                              1D2      1D2      120        8       0
                text62                              C61      C61       81     18C2       0
                text61                             15A9     15A9       5D     2B52       0
                text60                             1089     1089       16     2112       0
                text59                              923      923       6C     1246       0
                text58                              98F      98F       71     131E       0
                text57                             1731     1731       67     2E62       0
                text56                              D70      D70       8E     1AE0       0
                text55                              7B6      7B6       48      9F4       0
                text54                             1562     1562       47     2AC4       0
                text53                             10B5     10B5       17     216A       0
                text52                             128E     128E       22     251C       0
                text51                             10E4     10E4       18     21C8       0
                text50                             11D3     11D3       1D     23A6       0
                text49                              DFE      DFE       A3     1BFC       0
                text48                              6E3      6E3       D3      9F4       0
                text46                             119B     119B       1C     2336       0
                text45                             1EFD     1EFD        B     3DFA       0
                text44                             1FB0     1FB0       13     3F60       0
                text43                             151D     151D       45     2A3A       0
                text42                             114A     114A       1B     2294       0
                text41                             136F     136F       37     26DE       0
                text40                             1606     1606       62     2C0C       0
                text39                             1FD7     1FD7       14     3FAE       0
                text38                             131E     131E       26     263C       0
                text37                              852      852       68     10A4       0
                text36                              5EF      5EF       F4      9F4       0
                text35                             1E83     1E83        3     3D06       0
                text34                             120F     120F       1F     241E       0
                text33                               87       87      14B        8       0
                text32                             1F7D     1F7D       11     3EFA       0
                text31                             1668     1668       62     2CD0       0
                text30                              BE1      BE1       80     17C2       0
                text29                             109F     109F       16     213E       0
                text28                              2F2      2F2      109        8       0
                text27                             12B0     12B0       23     2560       0
                text26                             1E99     1E99        7     3D32       0
                text25                             1165     1165       1B     22CA       0
                text24                             1F8E     1F8E       11     3F1C       0
                text23                             12D3     12D3       25     25A6       0
                text22                              8BA      8BA       69     1174       0
                text21                             11B7     11B7       1C     236E       0
                text20                             126E     126E       20     24DC       0
                text19                             1EA0     1EA0        8     3D40       0
                text18                             1EA8     1EA8        8     3D50       0
                text17                             1180     1180       1B     2300       0
                text16                             1EB0     1EB0        8     3D60       0
                text15                             1EB8     1EB8        8     3D70       0
                text14                             1EC0     1EC0        8     3D80       0
                text13                             1EC8     1EC8        8     3D90       0
                text12                             1ED0     1ED0        8     3DA0       0
                text11                             1497     1497       41     292E       0
                text10                             1F5F     1F5F        D     3EBE       0
                text9                              1344     1344       2B     2688       0
                text8                              1ED8     1ED8        8     3DB0       0
                text7                              1F9F     1F9F       11     3F3E       0
                text6                              10FC     10FC       19     21F8       0
                text5                               EA1      EA1       AC     1D42       0
                text4                              1E86     1E86        3     3D0C       0
                text3                              1FEB     1FEB       15     3FD6       0
                text2                              1E89     1E89        3     3D12       0
                text1                              1F08     1F08        B     3E10       0
                maintext                            A72      A72       74     14E4       0
                cstackBANK0                          50       50       13       50       1
                cstackCOMMON                         70       70        E       70       1
                cstackBANK1                          A8       A8       41       A8       1
                clrtext                            1F1F     1F1F        C     3E3E       0
                dataBANK3                           1C7      1C7        6      1A0       1
                bssBANK3                            1A0      1A0       27      1A0       1
                bssBANK2                            121      121       4C      121       1
                bssBANK1                             E9       E9        7       A8       1
                bssBANK0                             63       63        D       50       1
                nvBANK3                             1CD      1CD        2      1A0       1
                nvBANK2                             16D      16D        2      121       1
                stringtext10                       18C2     18C2        4     3000       0
                stringtext9                        18AE     18AE        E     3000       0
                stringtext8                        189C     189C       12     3000       0
                stringtext7                        1873     1873       29     3000       0
                stringtext6                        183F     183F       34     3000       0
                stringtext5                        1800     1800       3F     3000       0
                stringtext4                        18C6     18C6        2     3000       0
                stringtext3                        18BC     18BC        6     3000       0
                stringtext2                        1000     1000       84     2000       0
                stringtext1                         3FB      3FB       FF      7F6       0
                idataBANK3                         1E8C     1E8C        6     3D18       0

TOTAL           Name                               Link     Load   Length     Space
        CLASS   CODE           
                end_init                             3D       3D        2         0
                cinit                                3F       3F       48         0
                intentry                              4        4       39         0
                reset_vec                             0        0        2         0
                text102                            10CC     10CC       18         0
                text101                            1E80     1E80        3         0
                text100                               2        2        1         0
                text99                             1085     1085        4         0
                text98                             13A6     13A6       3A         0
                text97                             11F0     11F0       1F         0
                text96                             1EE0     1EE0        9         0
                text95                             1FC3     1FC3       14         0
                text94                             14D8     14D8       45         0
                text93                             112F     112F       1B         0
                text92                             12F8     12F8       26         0
                text91                             1798     1798       68         0
                text90                              4FA      4FA       F5         0
                text89                                3        3        1         0
                text88                             1F2B     1F2B        D         0
                text87                             1F6C     1F6C       11         0
                text86                              7FF      7FF        1         0
                text85                             1F38     1F38        D         0
                text84                             1EF2     1EF2        B         0
                text83                              7FE      7FE        1         0
                text82                             1EE9     1EE9        9         0
                text81                             1F13     1F13        C         0
                text80                             16CA     16CA       67         0
                text79                             1115     1115       1A         0
                text78                              800      800        A         0
                text77                             1E92     1E92        7         0
                text76                              AE6      AE6       7B         0
                text75                              A00      A00       72         0
                text74                              F4D      F4D       B3         0
                text73                             13E0     13E0       3A         0
                text72                             1458     1458       3F         0
                text71                             122E     122E       20         0
                text70                             124E     124E       20         0
                text69                              B61      B61       80         0
                text68                              80A      80A       48         0
                text67                             1F45     1F45        D         0
                text66                             1F52     1F52        D         0
                text65                              CE2      CE2       8E         0
                text64                             141A     141A       3E         0
                text63                              1D2      1D2      120         0
                text62                              C61      C61       81         0
                text61                             15A9     15A9       5D         0
                text60                             1089     1089       16         0
                text59                              923      923       6C         0
                text58                              98F      98F       71         0
                text57                             1731     1731       67         0
                text56                              D70      D70       8E         0
                text55                              7B6      7B6       48         0
                text54                             1562     1562       47         0
                text53                             10B5     10B5       17         0
                text52                             128E     128E       22         0
                text51                             10E4     10E4       18         0
                text50                             11D3     11D3       1D         0
                text49                              DFE      DFE       A3         0
                text48                              6E3      6E3       D3         0
                text46                             119B     119B       1C         0
                text45                             1EFD     1EFD        B         0
                text44                             1FB0     1FB0       13         0
                text43                             151D     151D       45         0
                text42                             114A     114A       1B         0
                text41                             136F     136F       37         0
                text40                             1606     1606       62         0
                text39                             1FD7     1FD7       14         0
                text38                             131E     131E       26         0
                text37                              852      852       68         0
                text36                              5EF      5EF       F4         0
                text35                             1E83     1E83        3         0
                text34                             120F     120F       1F         0
                text33                               87       87      14B         0
                text32                             1F7D     1F7D       11         0
                text31                             1668     1668       62         0
                text30                              BE1      BE1       80         0
                text29                             109F     109F       16         0
                text28                              2F2      2F2      109         0
                text27                             12B0     12B0       23         0
                text26                             1E99     1E99        7         0
                text25                             1165     1165       1B         0
                text24                             1F8E     1F8E       11         0
                text23                             12D3     12D3       25         0
                text22                              8BA      8BA       69         0
                text21                             11B7     11B7       1C         0
                text20                             126E     126E       20         0
                text19                             1EA0     1EA0        8         0
                text18                             1EA8     1EA8        8         0
                text17                             1180     1180       1B         0
                text16                             1EB0     1EB0        8         0
                text15                             1EB8     1EB8        8         0
                text14                             1EC0     1EC0        8         0
                text13                             1EC8     1EC8        8         0
                text12                             1ED0     1ED0        8         0
                text11                             1497     1497       41         0
                text10                             1F5F     1F5F        D         0
                text9                              1344     1344       2B         0
                text8                              1ED8     1ED8        8         0
                text7                              1F9F     1F9F       11         0
                text6                              10FC     10FC       19         0
                text5                               EA1      EA1       AC         0
                text4                              1E86     1E86        3         0
                text3                              1FEB     1FEB       15         0
                text2                              1E89     1E89        3         0
                text1                              1F08     1F08        B         0
                maintext                            A72      A72       74         0
                clrtext                            1F1F     1F1F        C         0
                idataBANK3                         1E8C     1E8C        6         0

        CLASS   STRCODE        
                stringtext10                       18C2     18C2        4         0
                stringtext9                        18AE     18AE        E         0
                stringtext8                        189C     189C       12         0
                stringtext7                        1873     1873       29         0
                stringtext6                        183F     183F       34         0
                stringtext5                        1800     1800       3F         0
                stringtext4                        18C6     18C6        2         0
                stringtext3                        18BC     18BC        6         0
                stringtext2                        1000     1000       84         0
                stringtext1                         3FB      3FB       FF         0

        CLASS   STRING         

        CLASS   CONST          

        CLASS   ENTRY          

        CLASS   COMMON         
                cstackCOMMON                         70       70        E         1

        CLASS   BANK0          
                cstackBANK0                          50       50       13         1
                bssBANK0                             63       63        D         1

        CLASS   BANK1          
                cstackBANK1                          A8       A8       41         1
                bssBANK1                             E9       E9        7         1

        CLASS   BANK2          
                bssBANK2                            121      121       4C         1
                nvBANK2                             16D      16D        2         1

        CLASS   BANK3          
                dataBANK3                           1C7      1C7        6         1
                bssBANK3                            1A0      1A0       27         1
                nvBANK3                             1CD      1CD        2         1

        CLASS   BANK4          

        CLASS   BANK5          

        CLASS   BANK6          

        CLASS   BANK7          

        CLASS   BANK8          

        CLASS   BANK9          

        CLASS   BANK10         

        CLASS   BANK11         

        CLASS   BANK12         

        CLASS   BIGRAM         

        CLASS   RAM            

        CLASS   ABS1           
                abs_s1                               20       20       30         1
                abs_s1                               7E       7E        2         1
                abs_s1                               A0       A0        8         1
                abs_s1                              120      120        1         1
                abs_s1                              52C      52C       44         1
                abs_s1                              5A0      5A0       50         1
                abs_s1                              620      620       30         1
                abs_s1                             232C     232C        0         1
                abs_s1                             2391     2391        0         1

        CLASS   SFR0           

        CLASS   SFR1           

        CLASS   SFR2           

        CLASS   SFR3           

        CLASS   SFR4           

        CLASS   SFR5           

        CLASS   SFR6           

        CLASS   SFR7           

        CLASS   SFR8           

        CLASS   SFR9           

        CLASS   SFR10          

        CLASS   SFR11          

        CLASS   SFR12          

        CLASS   SFR13          

        CLASS   SFR14          

        CLASS   SFR15          

        CLASS   SFR16          

        CLASS   SFR17          

        CLASS   SFR18          

        CLASS   SFR19          

        CLASS   SFR20          

        CLASS   SFR21          

        CLASS   SFR22          

        CLASS   SFR23          

        CLASS   SFR24          

        CLASS   SFR25          

        CLASS   SFR26          

        CLASS   SFR27          

        CLASS   SFR28          

        CLASS   SFR29          

        CLASS   SFR30          

        CLASS   SFR31          

        CLASS   CONFIG         
                config                             8007     8007        2         4

        CLASS   IDLOC          

        CLASS   BANK31         

        CLASS   BANK30         

        CLASS   BANK29         

        CLASS   BANK28         

        CLASS   BANK27         

        CLASS   BANK26         

        CLASS   BANK25         

        CLASS   BANK24         

        CLASS   BANK23         

        CLASS   BANK22         

        CLASS   BANK21         

        CLASS   BANK20         

        CLASS   BANK19         

        CLASS   BANK18         

        CLASS   BANK17         

        CLASS   BANK16         

        CLASS   BANK15         

        CLASS   BANK14         

        CLASS   BANK13         

        CLASS   HEAP           

        CLASS   STACK          

        CLASS   EEDATA         



SEGMENTS        Name                           Load    Length   Top    Selector   Space  Class     Delta

                text50                         0011D3  00001D  0011F0      23A6       0  CODE        2
                text97                         0011F0  00001F  00120F      23E0       0  CODE        2
                text46                         00119B  00001C  0011B7      2336       0  CODE        2
                text21                         0011B7  00001C  0011D3      236E       0  CODE        2
                text34                         00120F  00001F  00122E      241E       0  CODE        2
                text20                         00126E  000020  00128E      24DC       0  CODE        2
                text52                         00128E  000022  0012B0      251C       0  CODE        2
                text71                         00122E  000020  00124E      245C       0  CODE        2
                text70                         00124E  000020  00126E      249C       0  CODE        2
                text17                         001180  00001B  00119B      2300       0  CODE        2
                text102                        0010CC  000018  0010E4      2198       0  CODE        2
                text51                         0010E4  000018  0010FC      21C8       0  CODE        2
                text29                         00109F  000016  0010B5      213E       0  CODE        2
                text53                         0010B5  000017  0010CC      216A       0  CODE        2
                text6                          0010FC  000019  001115      21F8       0  CODE        2
                text42                         00114A  00001B  001165      2294       0  CODE        2
                text25                         001165  00001B  001180      22CA       0  CODE        2
                text79                         001115  00001A  00112F      222A       0  CODE        2
                text93                         00112F  00001B  00114A      225E       0  CODE        2
                text27                         0012B0  000023  0012D3      2560       0  CODE        2
                text43                         00151D  000045  001562      2A3A       0  CODE        2
                text54                         001562  000047  0015A9      2AC4       0  CODE        2
                text11                         001497  000041  0014D8      292E       0  CODE        2
                text94                         0014D8  000045  00151D      29B0       0  CODE        2
                text68                         00080A  000048  000852      1014       0  CODE        2
                text31                         001668  000062  0016CA      2CD0       0  CODE        2
                text80                         0016CA  000067  001731      2D94       0  CODE        2
                text61                         0015A9  00005D  001606      2B52       0  CODE        2
                text40                         001606  000062  001668      2C0C       0  CODE        2
                stringtext5                    001800  0000C8  0018C8      3000       0  STRCODE     2
                text38                         00131E  000026  001344      263C       0  CODE        2
                text9                          001344  00002B  00136F      2688       0  CODE        2
                text23                         0012D3  000025  0012F8      25A6       0  CODE        2
                text92                         0012F8  000026  00131E      25F0       0  CODE        2
                text41                         00136F  000037  0013A6      26DE       0  CODE        2
                text64                         00141A  00003E  001458      2834       0  CODE        2
                text72                         001458  00003F  001497      28B0       0  CODE        2
                text98                         0013A6  00003A  0013E0      274C       0  CODE        2
                text73                         0013E0  00003A  00141A      27C0       0  CODE        2
                text15                         001EB8  000008  001EC0      3D70       0  CODE        2
                text14                         001EC0  000008  001EC8      3D80       0  CODE        2
                text18                         001EA8  000008  001EB0      3D50       0  CODE        2
                text16                         001EB0  000008  001EB8      3D60       0  CODE        2
                text13                         001EC8  000008  001ED0      3D90       0  CODE        2
                text96                         001EE0  000009  001EE9      3DC0       0  CODE        2
                text82                         001EE9  000009  001EF2      3DD2       0  CODE        2
                text12                         001ED0  000008  001ED8      3DA0       0  CODE        2
                text8                          001ED8  000008  001EE0      3DB0       0  CODE        2
                text19                         001EA0  000008  001EA8      3D40       0  CODE        2
                text35                         001E83  000003  001E86      3D06       0  CODE        2
                text4                          001E86  000003  001E89      3D0C       0  CODE        2
                text89                         000003  000001  000004         6       0  CODE        2
                text101                        001E80  000003  001E83      3D00       0  CODE        2
                text2                          001E89  000003  001E8C      3D12       0  CODE        2
                text77                         001E92  000007  001E99      3D24       0  CODE        2
                text26                         001E99  000007  001EA0      3D32       0  CODE        2
                text99                         001085  000004  001089      210A       0  CODE        2
                idataBANK3                     001E8C  000006  001E92      3D18       0  CODE        2
                text78                         000800  00000A  00080A      1000       0  CODE        2
                text24                         001F8E  000011  001F9F      3F1C       0  CODE        2
                text7                          001F9F  000011  001FB0      3F3E       0  CODE        2
                text87                         001F6C  000011  001F7D      3ED8       0  CODE        2
                text32                         001F7D  000011  001F8E      3EFA       0  CODE        2
                text44                         001FB0  000013  001FC3      3F60       0  CODE        2
                text3                          001FEB  000015  002000      3FD6       0  CODE        2
                text60                         001089  000016  00109F      2112       0  CODE        2
                text95                         001FC3  000014  001FD7      3F86       0  CODE        2
                text39                         001FD7  000014  001FEB      3FAE       0  CODE        2
                text10                         001F5F  00000D  001F6C      3EBE       0  CODE        2
                text1                          001F08  00000B  001F13      3E10       0  CODE        2
                text81                         001F13  00000C  001F1F      3E26       0  CODE        2
                text84                         001EF2  00000B  001EFD      3DE4       0  CODE        2
                text45                         001EFD  00000B  001F08      3DFA       0  CODE        2
                clrtext                        001F1F  00000C  001F2B      3E3E       0  CODE        2
                text67                         001F45  00000D  001F52      3E8A       0  CODE        2
                text66                         001F52  00000D  001F5F      3EA4       0  CODE        2
                text88                         001F2B  00000D  001F38      3E56       0  CODE        2
                text85                         001F38  00000D  001F45      3E70       0  CODE        2
                reset_vec                      000000  000003  000003         0       0  CODE        2
                cstackBANK1                    0000A8  000048  0000F0        A8       1  BANK1       1
                cstackBANK0                    000050  000020  000070        50       1  BANK0       1
                bssBANK3                       0001A0  00002F  0001CF       1A0       1  BANK3       1
                bssBANK2                       000121  00004E  00016F       121       1  BANK2       1
                cstackCOMMON                   000070  00000E  00007E        70       1  COMMON      1
                intentry                       000004  0003F7  0003FB         8       0  CODE        2
                stringtext2                    001000  000084  001084      2000       0  STRCODE     2
                text65                         000CE2  00008E  000D70      19C4       0  CODE        2
                text30                         000BE1  000080  000C61      17C2       0  CODE        2
                text62                         000C61  000081  000CE2      18C2       0  CODE        2
                text56                         000D70  00008E  000DFE      1AE0       0  CODE        2
                text74                         000F4D  0000B3  001000      1E9A       0  CODE        2
                text90                         0004FA  000306  000800       9F4       0  CODE        2
                text49                         000DFE  0000A3  000EA1      1BFC       0  CODE        2
                text5                          000EA1  0000AC  000F4D      1D42       0  CODE        2
                text69                         000B61  000080  000BE1      16C2       0  CODE        2
                text37                         000852  000068  0008BA      10A4       0  CODE        2
                text22                         0008BA  000069  000923      1174       0  CODE        2
                text57                         001731  000067  001798      2E62       0  CODE        2
                text91                         001798  000068  001800      2F30       0  CODE        2
                text59                         000923  00006C  00098F      1246       0  CODE        2
                maintext                       000A72  000074  000AE6      14E4       0  CODE        2
                text76                         000AE6  00007B  000B61      15CC       0  CODE        2
                text58                         00098F  000071  000A00      131E       0  CODE        2
                text75                         000A00  000072  000A72      1400       0  CODE        2
                stringtext1                    0003FB  0000FF  0004FA       7F6       0  STRCODE     2


UNUSED ADDRESS RANGES

        Name                Unused          Largest block    Delta
        BANK10           00520-0052B               C           1
        BANK2            0016F-0016F               1           1
        BANK3            001CF-001EF              21           1
        BANK4            00220-0026F              50           1
        BANK5            002A0-002EF              50           1
        BANK6            00320-0036F              50           1
        BANK7            003A0-003EF              50           1
        BANK8            00420-0046F              50           1
        BANK9            004A0-004EF              50           1
        BIGRAM           02000-023EF             3F0           1
        CODE             01084-01084               1           2
                         018C8-01E7F             5B8
        CONST            01084-01084               1           2
                         018C8-01E7F             100
        ENTRY            01084-01084               1           2
                         018C8-01E7F             100
        IDLOC            08000-08003               4           2
        RAM              0016F-0016F               1           1
                         001CF-001EF              21
                         00220-0026F              50
                         002A0-002EF              50
                         00320-0036F              50
                         003A0-003EF              50
                         00420-0046F              50
                         004A0-004EF              50
                         00520-0052B               C
        SFR0             00000-0001F              20           1
        SFR1             00080-0009F              20           1
        SFR10            00500-0051F              20           1
        SFR11            00580-0059F              20           1
        SFR12            00600-0061F              20           1
        SFR13            00680-006EF              70           1
        SFR14            00700-0076F              70           1
        SFR15            00780-007EF              70           1
        SFR16            00800-0086F              70           1
        SFR17            00880-008EF              70           1
        SFR18            00900-0096F              70           1
        SFR19            00980-009EF              70           1
        SFR2             00100-0011F              20           1
        SFR20            00A00-00A6F              70           1
        SFR21            00A80-00AEF              70           1
        SFR22            00B00-00B6F              70           1
        SFR23            00B80-00BEF              70           1
        SFR24            00C00-00C6F              70           1
        SFR25            00C80-00CEF              70           1
        SFR26            00D00-00D6F              70           1
        SFR27            00D80-00DEF              70           1
        SFR28            00E00-00E6F              70           1
        SFR29            00E80-00EEF              70           1
        SFR3             00180-0019F              20           1
        SFR30            00F00-00F6F              70           1
        SFR31            00F80-00FEF              70           1
        SFR4             00200-0021F              20           1
        SFR5             00280-0029F              20           1
        SFR6             00300-0031F              20           1
        SFR7             00380-0039F              20           1
        SFR8             00400-0041F              20           1
        SFR9             00480-0049F              20           1
        STRCODE          01084-01084               1           2
                         018C8-01E7F             5B8
        STRING           01084-01084               1           2
                         018C8-01E7F             100

                                  Symbol Table

?_GenericQueue_IsEmpty                         cstackBANK1  000A8
?_GenericQueue_IsFull                          cstackBANK1  000A8
?_SysTime_GetCurrentTimeMs                     cstackCOMMON 00070
?_USBTransferOnePacket                         cstackBANK1  000A8
?___awmod                                      cstackBANK1  000A8
?___wmul                                       cstackBANK1  000AF
?_memcmp                                       cstackBANK1  000B5
?i1_GenericQueue_IsFull                        cstackCOMMON 00070
?i1_USBTransferOnePacket                       cstackCOMMON 00070
?i1___awmod                                    cstackCOMMON 00070
?i1___wmul                                     cstackCOMMON 00070
APP_KeyboardTasks@TimeDeltaMilliseconds        cstackBANK1  000D5
APP_KeyboardTasks@i                            cstackBANK1  000D7
APP_KeyboardTasks@needToSendNewReportPacket    cstackBANK1  000D4
APP_KeyboardTasks@scanCode                     cstackBANK1  000D3
APP_KeyboardUpdateState@leds                   cstackBANK1  000CB
APP_KeyboardUpdateState@scanCode               cstackBANK1  000D0
APP_KeyboardUpdateState@usbHidCode             cstackBANK1  000CC
APP_KeyboardUpdateState@usbHidCode_2855        cstackBANK1  000CE
APP_KeyboardUpdateState@usbHidCode_2856        cstackBANK1  000CD
APP_KeyboardUpdateState@usbHidCode_2864        cstackBANK1  000CF
EUSART_SetErrorHandler@interruptHandler        cstackBANK1  000A8
EUSART_SetFramingErrorHandler@interruptHandler cstackBANK1  000A8
EUSART_SetOverrunErrorHandler@interruptHandler cstackBANK1  000A8
EUSART_SetRxInterruptHandler@interruptHandler  cstackBANK1  000A8
EUSART_SetTxInterruptHandler@interruptHandler  cstackBANK1  000A8
EUSART_Write@txData                            cstackBANK1  000A9
GenericQueue_Contains@i                        cstackBANK1  000C5
GenericQueue_Contains@item                     cstackBANK1  000C0
GenericQueue_Contains@q                        cstackBANK1  000BE
GenericQueue_CopyToArray@array                 cstackBANK1  000C2
GenericQueue_CopyToArray@count                 cstackBANK1  000C8
GenericQueue_CopyToArray@index                 cstackBANK1  000C7
GenericQueue_CopyToArray@q                     cstackBANK1  000C0
GenericQueue_Dequeue@item                      cstackBANK1  000C2
GenericQueue_Dequeue@q                         cstackBANK1  000C0
GenericQueue_Enqueue@item                      cstackBANK1  000C2
GenericQueue_Enqueue@q                         cstackBANK1  000C0
GenericQueue_Init@element_size                 cstackBANK1  000AA
GenericQueue_Init@q                            cstackBANK1  000A8
GenericQueue_IsEmpty@q                         cstackBANK1  000A8
GenericQueue_IsFull@q                          cstackBANK1  000A8
GenericQueue_Remove@i                          cstackBANK1  000C7
GenericQueue_Remove@item                       cstackBANK1  000C2
GenericQueue_Remove@j                          cstackBANK1  000C8
GenericQueue_Remove@q                          cstackBANK1  000C0
IOCAF4_SetInterruptHandler@InterruptHandler    cstackBANK1  000A8
IOCAF5_SetInterruptHandler@InterruptHandler    cstackBANK1  000A8
Log_Message@buf                                cstackBANK1  000AC
Log_Message@bufSize                            cstackBANK1  000AA
Log_Message@i                                  cstackBANK1  000AD
Log_UtilityConvertByteToHex@buf                cstackBANK1  000AC
Log_UtilityConvertByteToHex@bufSize            cstackBANK1  000AD
Log_UtilityConvertByteToHex@byte               cstackBANK1  000B0
Log_UtilityConvertByteToHex@d0                 cstackBANK1  000AF
Log_UtilityConvertByteToHex@d1                 cstackBANK1  000B1
PS2Keyboard_ClockInterrupt@bit                 cstackCOMMON 0007D
PS2Keyboard_ClockInterrupt@bitPos              cstackCOMMON 0007C
PS2Keyboard_GetScanCode@ret                    cstackBANK1  000C8
PS2Keyboard_GetScanCode@scanCode               cstackBANK1  000C7
PS2Keyboard_SendCommand@cmd                    cstackBANK1  000A8
PS2USB_ScanCodeToUSBHID@scanCode               cstackBANK1  000A8
TMR2_SetInterruptHandler@InterruptHandler      cstackBANK1  000A8
USBConfigureEndpoint@EPNum                     cstackCOMMON 00075
USBConfigureEndpoint@direction                 cstackCOMMON 00070
USBConfigureEndpoint@handle                    cstackCOMMON 00076
USBCtrlTrfInHandler@lastDTS                    cstackCOMMON 00077
USBCtrlTrfRxService@byteToRead                 cstackCOMMON 00079
USBCtrlTrfRxService@i                          cstackCOMMON 00078
USBCtrlTrfTxService@byteToSend                 cstackCOMMON 00072
USBDeviceInit@i                                cstackBANK1  000AF
USBDeviceInit@i_1324                           cstackBANK1  000AE
USBDeviceInit@p                                cstackBANK1  000AC
USBDeviceTasks@i                               cstackBANK0  00062
USBEnableEndpoint@ep                           cstackCOMMON 0007C
USBEnableEndpoint@options                      cstackCOMMON 00077
USBEnableEndpoint@p                            cstackCOMMON 0007A
USBHIDCBSetIdleRateHandler@newIdleRate         cstackCOMMON 00070
USBHIDCBSetIdleRateHandler@reportID            cstackCOMMON 00073
USBStdFeatureReqHandler@current_ep_data        cstackBANK0  0005A
USBStdFeatureReqHandler@p                      cstackBANK0  0005B
USBStdFeatureReqHandler@pUEP                   cstackBANK0  00058
USBStdGetStatusHandler@p                       cstackCOMMON 00072
USBStdSetCfgHandler@i                          cstackBANK0  00059
USBStdSetCfgHandler@i_2020                     cstackBANK0  00058
USBStdSetCfgHandler@p                          cstackBANK0  00056
USBTransferOnePacket@data                      cstackBANK1  000A9
USBTransferOnePacket@dir                       cstackBANK1  000A8
USBTransferOnePacket@ep                        cstackBANK1  000B0
USBTransferOnePacket@handle                    cstackBANK1  000B1
USBTransferOnePacket@len                       cstackBANK1  000AB
USER_USB_CALLBACK_EVENT_HANDLER@event          cstackBANK0  00050
USER_USB_CALLBACK_EVENT_HANDLER@pdata          cstackBANK0  00052
USER_USB_CALLBACK_EVENT_HANDLER@size           cstackBANK0  00054
_ACTCON                                        (abs)        0039B
_ANSELA                                        (abs)        0018C
_ANSELC                                        (abs)        0018E
_APFCON                                        (abs)        0011D
_APP_KeyboardInit                              text68       0080A
_APP_KeyboardProcessOutputReport               text45       01EFD
_APP_KeyboardTasks                             text28       002F2
_APP_KeyboardUpdateState                       text33       00087
_BAUDCON                                       (abs)        0019F
_BDT                                           (abs)        00020
_BORCON                                        (abs)        00116
_BothEP0OutUOWNsSet                            bssBANK2     0015D
_CtrlTrfData                                   (abs)        00048
_EUSART_DefaultErrorHandler                    text101      01E80
_EUSART_DefaultFramingErrorHandler             text100      00002
_EUSART_DefaultOverrunErrorHandler             text99       01085
_EUSART_ErrorHandler                           bssBANK2     00140
_EUSART_FramingErrorHandler                    bssBANK2     00144
_EUSART_Initialize                             text11       01497
_EUSART_OverrunErrorHandler                    bssBANK2     00142
_EUSART_Receive_ISR                            text98       013A6
_EUSART_RxDataHandler                          text102      010CC
_EUSART_RxDefaultInterruptHandler              bssBANK2     00148
_EUSART_SetErrorHandler                        text16       01EB0
_EUSART_SetFramingErrorHandler                 text15       01EB8
_EUSART_SetOverrunErrorHandler                 text14       01EC0
_EUSART_SetRxInterruptHandler                  text13       01EC8
_EUSART_SetTxInterruptHandler                  text12       01ED0
_EUSART_Transmit_ISR                           text97       011F0
_EUSART_TxDefaultInterruptHandler              bssBANK2     0014A
_EUSART_Write                                  text27       012B0
_EUSART_is_tx_ready                            text26       01E99
_GenericQueue_Contains                         text40       01606
_GenericQueue_CopyToArray                      text31       01668
_GenericQueue_Dequeue                          text22       008BA
_GenericQueue_Enqueue                          text37       00852
_GenericQueue_Init                             text20       0126E
_GenericQueue_IsEmpty                          text44       01FB0
_GenericQueue_IsFull                           text39       01FD7
_GenericQueue_Remove                           text36       005EF
_INTCONbits                                    (abs)        0000B
_INTERRUPT_InterruptManager                    intentry     00004
_IOCAF4_DefaultInterruptHandler                text89       00003
_IOCAF4_ISR                                    text88       01F2B
_IOCAF4_InterruptHandler                       nvBANK2      0016D
_IOCAF4_SetInterruptHandler                    text19       01EA0
_IOCAF5_DefaultInterruptHandler                text86       007FF
_IOCAF5_ISR                                    text85       01F38
_IOCAF5_InterruptHandler                       nvBANK3      001CD
_IOCAF5_SetInterruptHandler                    text18       01EA8
_IOCAFbits                                     (abs)        00393
_IOCANbits                                     (abs)        00392
_IOCAPbits                                     (abs)        00391
_LATA                                          (abs)        0010C
_LATAbits                                      (abs)        0010C
_LATC                                          (abs)        0010E
_LocalSOFCount                                 bssBANK2     00136
_Log_Message                                   text25       01165
_Log_UtilityConvertByteToHex                   text23       012D3
_OPTION_REGbits                                (abs)        00095
_OSCCON                                        (abs)        00099
_OSCILLATOR_Initialize                         text10       01F5F
_OSCTUNE                                       (abs)        00098
_OldSOFCount                                   bssBANK2     00134
_PIE1bits                                      (abs)        00091
_PIE2bits                                      (abs)        00092
_PIN_MANAGER_IOC                               text84       01EF2
_PIN_MANAGER_Initialize                        text9        01344
_PIR1bits                                      (abs)        00011
_PIR2bits                                      (abs)        00012
_PLLRDY                                        (abs)        004D6
_PORTAbits                                     (abs)        0000C
_PR2                                           (abs)        0001B
_PS2Keyboard_ClockInterrupt                    text90       004FA
_PS2Keyboard_DataInterrupt                     text87       01F6C
_PS2Keyboard_GetLastCommand                    text35       01E83
_PS2Keyboard_GetScanCode                       text21       011B7
_PS2Keyboard_Init                              text17       01180
_PS2Keyboard_SendCommand                       text46       0119B
_PS2USB_ScanCodeToUSBHID                       text34       0120F
_RCREG                                         (abs)        00199
_RCSTA                                         (abs)        0019D
_RCSTAbits                                     (abs)        0019D
_RemoteWakeup                                  bssBANK2     00160
_SOFCounter                                    bssBANK2     0013A
_SPBRGH                                        (abs)        0019C
_SPBRGL                                        (abs)        0019B
_SYSTEM_Initialize                             text3        01FEB
_SetupPkt                                      (abs)        00040
_SysTimeInterrupt                              text82       01EE9
_SysTime_GetCurrentTimeMs                      text96       01EE0
_SysTime_Init                                  text1        01F08
_T2CON                                         (abs)        0001C
_T2CONbits                                     (abs)        0001C
_TMR2                                          (abs)        0001A
_TMR2_DefaultInterruptHandler                  text83       007FE
_TMR2_ISR                                      text81       01F13
_TMR2_Initialize                               text7        01F9F
_TMR2_InterruptHandler                         bssBANK2     00146
_TMR2_SetInterruptHandler                      text8        01ED8
_TMR2_StartTimer                               text2        01E89
_TRISA                                         (abs)        0008C
_TRISAbits                                     (abs)        0008C
_TRISC                                         (abs)        0008E
_TXREG                                         (abs)        0019A
_TXSTA                                         (abs)        0019E
_UADDR                                         (abs)        00E96
_UCFG                                          (abs)        00E91
_UCON                                          (abs)        00E8E
_UCONbits                                      (abs)        00E8E
_UEIE                                          (abs)        00E97
_UEIR                                          (abs)        00E93
_UEP0                                          (abs)        00E98
_UEP0bits                                      (abs)        00E98
_UEP1                                          (abs)        00E99
_UIE                                           (abs)        00E92
_UIEbits                                       (abs)        00E92
_UIR                                           (abs)        00E90
_UIRbits                                       (abs)        00E90
_USB1msTickCount                               bssBANK3     001C0
_USBActiveConfiguration                        bssBANK0     0006F
_USBAlternateInterface                         bssBANK0     0006E
_USBBusIsSuspended                             bssBANK2     0015F
_USBCheckHIDRequest                            text65       00CE2
_USBCheckStdRequest                            text58       0098F
_USBConfigureEndpoint                          text72       01458
_USBCtrlEPAllowDataStage                       text57       01731
_USBCtrlEPAllowStatusStage                     text75       00A00
_USBCtrlEPService                              text54       01562
_USBCtrlEPServiceComplete                      text56       00D70
_USBCtrlTrfInHandler                           text76       00AE6
_USBCtrlTrfOutHandler                          text73       013E0
_USBCtrlTrfRxService                           text74       00F4D
_USBCtrlTrfSetupHandler                        text55       007B6
_USBCtrlTrfTxService                           text80       016CA
_USBDeferINDataStagePackets                    bssBANK2     00158
_USBDeferOUTDataStagePackets                   bssBANK2     00157
_USBDeferStatusStagePacket                     bssBANK2     0015B
_USBDeviceAttach                               text6        010FC
_USBDeviceInit                                 text5        00EA1
_USBDeviceState                                bssBANK0     0006C
_USBDeviceTasks                                text48       006E3
_USBEnableEndpoint                             text71       0122E
_USBHIDCBSetIdleRateHandler                    text67       01F45
_USBHIDCBSetReportComplete                     text77       01E92
_USBHIDCBSetReportHandler                      text66       01F52
_USBIncrement1msInternalTimers                 text53       010B5
_USBStallHandler                               text52       0128E
_USBStatusStageEnabledFlag1                    bssBANK2     0015A
_USBStatusStageEnabledFlag2                    bssBANK2     00159
_USBStatusStageTimeoutCounter                  bssBANK2     0015C
_USBStdFeatureReqHandler                       text63       001D2
_USBStdGetDscHandler                           text62       00C61
_USBStdGetStatusHandler                        text61       015A9
_USBStdSetCfgHandler                           text59       00923
_USBSuspend                                    text51       010E4
_USBTicksSinceSuspendEnd                       bssBANK2     00156
_USBTransferOnePacket                          text30       00BE1
_USBWakeFromSuspend                            text50       011D3
_USB_CD_Ptr                                    stringtext4  018C6
_USB_SD_Ptr                                    stringtext3  018BC
_USER_USB_CALLBACK_EVENT_HANDLER               text64       0141A
_USTAT                                         (abs)        00E8F
_USTATcopy                                     bssBANK0     0006D
_WDTCON                                        (abs)        00097
_WDT_Initialize                                text4        01E86
_WPUA                                          (abs)        0020C
__H__absolute__                                __absolute__ 00000
__Habs1                                        abs1         00000
__Hbank0                                       bank0        00000
__Hbank1                                       bank1        00000
__Hbank10                                      bank10       00000
__Hbank11                                      bank11       00000
__Hbank12                                      bank12       00000
__Hbank13                                      bank13       00000
__Hbank14                                      bank14       00000
__Hbank15                                      bank15       00000
__Hbank16                                      bank16       00000
__Hbank17                                      bank17       00000
__Hbank18                                      bank18       00000
__Hbank19                                      bank19       00000
__Hbank2                                       bank2        00000
__Hbank20                                      bank20       00000
__Hbank21                                      bank21       00000
__Hbank22                                      bank22       00000
__Hbank23                                      bank23       00000
__Hbank24                                      bank24       00000
__Hbank25                                      bank25       00000
__Hbank26                                      bank26       00000
__Hbank27                                      bank27       00000
__Hbank28                                      bank28       00000
__Hbank29                                      bank29       00000
__Hbank3                                       bank3        00000
__Hbank30                                      bank30       00000
__Hbank31                                      bank31       00000
__Hbank4                                       bank4        00000
__Hbank5                                       bank5        00000
__Hbank6                                       bank6        00000
__Hbank7                                       bank7        00000
__Hbank8                                       bank8        00000
__Hbank9                                       bank9        00000
__Hbigram                                      bigram       00000
__HbssBANK0                                    bssBANK0     00000
__HbssBANK1                                    bssBANK1     00000
__HbssBANK2                                    bssBANK2     00000
__HbssBANK3                                    bssBANK3     00000
__Hcinit                                       cinit        00087
__Hclrtext                                     clrtext      00000
__Hcode                                        code         00000
__Hcommon                                      common       00000
__Hconfig                                      config       08009
__HcstackBANK0                                 cstackBANK0  00000
__HcstackBANK1                                 cstackBANK1  00000
__HcstackCOMMON                                cstackCOMMON 00000
__HdataBANK3                                   dataBANK3    00000
__Heeprom_data                                 eeprom_data  00000
__Hend_init                                    end_init     0003F
__Hfunctab                                     functab      00000
__Hheap                                        heap         00000
__HidataBANK3                                  idataBANK3   00000
__Hinit                                        init         0003D
__Hintentry                                    intentry     0003D
__Hmaintext                                    maintext     00000
__HnvBANK2                                     nvBANK2      00000
__HnvBANK3                                     nvBANK3      00000
__Hpowerup                                     powerup      00000
__Hram                                         ram          00000
__Hreset_vec                                   reset_vec    00002
__Hsfr0                                        sfr0         00000
__Hsfr1                                        sfr1         00000
__Hsfr10                                       sfr10        00000
__Hsfr11                                       sfr11        00000
__Hsfr12                                       sfr12        00000
__Hsfr13                                       sfr13        00000
__Hsfr14                                       sfr14        00000
__Hsfr15                                       sfr15        00000
__Hsfr16                                       sfr16        00000
__Hsfr17                                       sfr17        00000
__Hsfr18                                       sfr18        00000
__Hsfr19                                       sfr19        00000
__Hsfr2                                        sfr2         00000
__Hsfr20                                       sfr20        00000
__Hsfr21                                       sfr21        00000
__Hsfr22                                       sfr22        00000
__Hsfr23                                       sfr23        00000
__Hsfr24                                       sfr24        00000
__Hsfr25                                       sfr25        00000
__Hsfr26                                       sfr26        00000
__Hsfr27                                       sfr27        00000
__Hsfr28                                       sfr28        00000
__Hsfr29                                       sfr29        00000
__Hsfr3                                        sfr3         00000
__Hsfr30                                       sfr30        00000
__Hsfr31                                       sfr31        00000
__Hsfr4                                        sfr4         00000
__Hsfr5                                        sfr5         00000
__Hsfr6                                        sfr6         00000
__Hsfr7                                        sfr7         00000
__Hsfr8                                        sfr8         00000
__Hsfr9                                        sfr9         00000
__Hspace_0                                     (abs)        02000
__Hspace_1                                     (abs)        001CF
__Hspace_2                                     (abs)        00000
__Hspace_3                                     (abs)        00000
__Hspace_4                                     (abs)        10010
__Hstack                                       stack        00000
__Hstrings                                     strings      00000
__Hstringtext1                                 stringtext1  00000
__Hstringtext10                                stringtext10 00000
__Hstringtext2                                 stringtext2  00000
__Hstringtext3                                 stringtext3  00000
__Hstringtext4                                 stringtext4  00000
__Hstringtext5                                 stringtext5  00000
__Hstringtext6                                 stringtext6  00000
__Hstringtext7                                 stringtext7  00000
__Hstringtext8                                 stringtext8  00000
__Hstringtext9                                 stringtext9  00000
__Htext                                        text         00000
__L__absolute__                                __absolute__ 00000
__Labs1                                        abs1         00000
__Lbank0                                       bank0        00000
__Lbank1                                       bank1        00000
__Lbank10                                      bank10       00000
__Lbank11                                      bank11       00000
__Lbank12                                      bank12       00000
__Lbank13                                      bank13       00000
__Lbank14                                      bank14       00000
__Lbank15                                      bank15       00000
__Lbank16                                      bank16       00000
__Lbank17                                      bank17       00000
__Lbank18                                      bank18       00000
__Lbank19                                      bank19       00000
__Lbank2                                       bank2        00000
__Lbank20                                      bank20       00000
__Lbank21                                      bank21       00000
__Lbank22                                      bank22       00000
__Lbank23                                      bank23       00000
__Lbank24                                      bank24       00000
__Lbank25                                      bank25       00000
__Lbank26                                      bank26       00000
__Lbank27                                      bank27       00000
__Lbank28                                      bank28       00000
__Lbank29                                      bank29       00000
__Lbank3                                       bank3        00000
__Lbank30                                      bank30       00000
__Lbank31                                      bank31       00000
__Lbank4                                       bank4        00000
__Lbank5                                       bank5        00000
__Lbank6                                       bank6        00000
__Lbank7                                       bank7        00000
__Lbank8                                       bank8        00000
__Lbank9                                       bank9        00000
__Lbigram                                      bigram       00000
__LbssBANK0                                    bssBANK0     00000
__LbssBANK1                                    bssBANK1     00000
__LbssBANK2                                    bssBANK2     00000
__LbssBANK3                                    bssBANK3     00000
__Lcinit                                       cinit        0003F
__Lclrtext                                     clrtext      00000
__Lcode                                        code         00000
__Lcommon                                      common       00000
__Lconfig                                      config       00000
__LcstackBANK0                                 cstackBANK0  00000
__LcstackBANK1                                 cstackBANK1  00000
__LcstackCOMMON                                cstackCOMMON 00000
__LdataBANK3                                   dataBANK3    00000
__Leeprom_data                                 eeprom_data  00000
__Lend_init                                    end_init     0003D
__Lfunctab                                     functab      00000
__Lheap                                        heap         00000
__LidataBANK3                                  idataBANK3   00000
__Linit                                        init         0003D
__Lintentry                                    intentry     00004
__Lmaintext                                    maintext     00000
__LnvBANK2                                     nvBANK2      00000
__LnvBANK3                                     nvBANK3      00000
__Lpowerup                                     powerup      00000
__Lram                                         ram          00000
__Lreset_vec                                   reset_vec    00000
__Lsfr0                                        sfr0         00000
__Lsfr1                                        sfr1         00000
__Lsfr10                                       sfr10        00000
__Lsfr11                                       sfr11        00000
__Lsfr12                                       sfr12        00000
__Lsfr13                                       sfr13        00000
__Lsfr14                                       sfr14        00000
__Lsfr15                                       sfr15        00000
__Lsfr16                                       sfr16        00000
__Lsfr17                                       sfr17        00000
__Lsfr18                                       sfr18        00000
__Lsfr19                                       sfr19        00000
__Lsfr2                                        sfr2         00000
__Lsfr20                                       sfr20        00000
__Lsfr21                                       sfr21        00000
__Lsfr22                                       sfr22        00000
__Lsfr23                                       sfr23        00000
__Lsfr24                                       sfr24        00000
__Lsfr25                                       sfr25        00000
__Lsfr26                                       sfr26        00000
__Lsfr27                                       sfr27        00000
__Lsfr28                                       sfr28        00000
__Lsfr29                                       sfr29        00000
__Lsfr3                                        sfr3         00000
__Lsfr30                                       sfr30        00000
__Lsfr31                                       sfr31        00000
__Lsfr4                                        sfr4         00000
__Lsfr5                                        sfr5         00000
__Lsfr6                                        sfr6         00000
__Lsfr7                                        sfr7         00000
__Lsfr8                                        sfr8         00000
__Lsfr9                                        sfr9         00000
__Lspace_0                                     (abs)        00000
__Lspace_1                                     (abs)        00000
__Lspace_2                                     (abs)        00000
__Lspace_3                                     (abs)        00000
__Lspace_4                                     (abs)        00000
__Lstack                                       stack        00000
__Lstrings                                     strings      00000
__Lstringtext1                                 stringtext1  00000
__Lstringtext10                                stringtext10 00000
__Lstringtext2                                 stringtext2  00000
__Lstringtext3                                 stringtext3  00000
__Lstringtext4                                 stringtext4  00000
__Lstringtext5                                 stringtext5  00000
__Lstringtext6                                 stringtext6  00000
__Lstringtext7                                 stringtext7  00000
__Lstringtext8                                 stringtext8  00000
__Lstringtext9                                 stringtext9  00000
__Ltext                                        text         00000
__S0                                           (abs)        02000
__S1                                           (abs)        001CF
___awmod                                       text43       0151D
___awmod@counter                               cstackBANK1  000AD
___awmod@dividend                              cstackBANK1  000AA
___awmod@divisor                               cstackBANK1  000A8
___awmod@sign                                  cstackBANK1  000AE
___bmul                                        text32       01F7D
___bmul@multiplicand                           cstackBANK1  000A8
___bmul@multiplier                             cstackBANK1  000AB
___bmul@product                                cstackBANK1  000AA
___heap_hi                                     (abs)        00000
___heap_lo                                     (abs)        00000
___int_sp                                      stack        00000
___int_stack_hi                                stack        00000
___int_stack_lo                                stack        00000
___latbits                                     (abs)        00002
___sp                                          stack        00000
___stack_hi                                    stack        00000
___stack_lo                                    stack        00000
___stackhi                                     (abs)        00000
___stacklo                                     (abs)        00000
___wmul                                        text42       0114A
___wmul@multiplicand                           cstackBANK1  000B1
___wmul@multiplier                             cstackBANK1  000AF
___wmul@product                                cstackBANK1  000B3
__end_of_APP_KeyboardInit                      text68       00852
__end_of_APP_KeyboardProcessOutputReport       text45       01F08
__end_of_APP_KeyboardTasks                     text28       003FB
__end_of_APP_KeyboardUpdateState               text33       001D2
__end_of_EUSART_DefaultErrorHandler            text101      01E83
__end_of_EUSART_DefaultFramingErrorHandler     text100      00003
__end_of_EUSART_DefaultOverrunErrorHandler     text99       01089
__end_of_EUSART_Initialize                     text11       014D8
__end_of_EUSART_Receive_ISR                    text98       013E0
__end_of_EUSART_RxDataHandler                  text102      010E4
__end_of_EUSART_SetErrorHandler                text16       01EB8
__end_of_EUSART_SetFramingErrorHandler         text15       01EC0
__end_of_EUSART_SetOverrunErrorHandler         text14       01EC8
__end_of_EUSART_SetRxInterruptHandler          text13       01ED0
__end_of_EUSART_SetTxInterruptHandler          text12       01ED8
__end_of_EUSART_Transmit_ISR                   text97       0120F
__end_of_EUSART_Write                          text27       012D3
__end_of_EUSART_is_tx_ready                    text26       01EA0
__end_of_GenericQueue_Contains                 text40       01668
__end_of_GenericQueue_CopyToArray              text31       016CA
__end_of_GenericQueue_Dequeue                  text22       00923
__end_of_GenericQueue_Enqueue                  text37       008BA
__end_of_GenericQueue_Init                     text20       0128E
__end_of_GenericQueue_IsEmpty                  text44       01FC3
__end_of_GenericQueue_IsFull                   text39       01FEB
__end_of_GenericQueue_Remove                   text36       006E3
__end_of_INTERRUPT_InterruptManager            intentry     0003D
__end_of_IOCAF4_DefaultInterruptHandler        text89       00004
__end_of_IOCAF4_ISR                            text88       01F38
__end_of_IOCAF4_SetInterruptHandler            text19       01EA8
__end_of_IOCAF5_DefaultInterruptHandler        text86       00800
__end_of_IOCAF5_ISR                            text85       01F45
__end_of_IOCAF5_SetInterruptHandler            text18       01EB0
__end_of_Log_Message                           text25       01180
__end_of_Log_UtilityConvertByteToHex           text23       012F8
__end_of_OSCILLATOR_Initialize                 text10       01F6C
__end_of_PIN_MANAGER_IOC                       text84       01EFD
__end_of_PIN_MANAGER_Initialize                text9        0136F
__end_of_PS2Keyboard_ClockInterrupt            text90       005EF
__end_of_PS2Keyboard_DataInterrupt             text87       01F7D
__end_of_PS2Keyboard_GetLastCommand            text35       01E86
__end_of_PS2Keyboard_GetScanCode               text21       011D3
__end_of_PS2Keyboard_Init                      text17       0119B
[...]
__ptext59                                      text59       00923
__ptext6                                       text6        010FC
__ptext60                                      text60       01089
__ptext61                                      text61       015A9
__ptext62                                      text62       00C61
__ptext63                                      text63       001D2
__ptext64                                      text64       0141A
__ptext65                                      text65       00CE2
__ptext66                                      text66       01F52
__ptext67                                      text67       01F45
__ptext68                                      text68       0080A
__ptext69                                      text69       00B61
__ptext7                                       text7        01F9F
__ptext70                                      text70       0124E
__ptext71                                      text71       0122E
__ptext72                                      text72       01458
__ptext73                                      text73       013E0
__ptext74                                      text74       00F4D
__ptext75                                      text75       00A00
__ptext76                                      text76       00AE6
__ptext77                                      text77       01E92
__ptext78                                      text78       00800
__ptext79                                      text79       01115
__ptext8                                       text8        01ED8
__ptext80                                      text80       016CA
__ptext81                                      text81       01F13
__ptext82                                      text82       01EE9
__ptext83                                      text83       007FE
__ptext84                                      text84       01EF2
__ptext85                                      text85       01F38
__ptext86                                      text86       007FF
__ptext87                                      text87       01F6C
__ptext88                                      text88       01F2B
__ptext89                                      text89       00003
__ptext9                                       text9        01344
__ptext90                                      text90       004FA
__ptext91                                      text91       01798
__ptext92                                      text92       012F8
__ptext93                                      text93       0112F
__ptext94                                      text94       014D8
__ptext95                                      text95       01FC3
__ptext96                                      text96       01EE0
__ptext97                                      text97       011F0
__ptext98                                      text98       013A6
__ptext99                                      text99       01085
_active_protocol                               bssBANK2     0016B
_configDescriptor1                             stringtext7  01873
_controlTransferState                          bssBANK0     0006A
_device_dsc                                    stringtext8  0189C
_endpoint_number                               bssBANK2     0015E
_ep_data_in                                    bssBANK2     0013E
_ep_data_out                                   bssBANK2     0013C
_eusartRxBuffer                                bssBANK3     001B0
_eusartRxCount                                 bssBANK2     00164
_eusartRxHead                                  bssBANK1     000EE
_eusartRxLastError                             bssBANK2     00163
_eusartRxStatusBuffer                          bssBANK3     001A8
_eusartRxTail                                  bssBANK2     00165
_eusartTxBuffer                                bssBANK3     001B8
_eusartTxBufferRemaining                       bssBANK1     000EF
_eusartTxHead                                  bssBANK2     00167
_eusartTxTail                                  bssBANK2     00166
_hex2str                                       text24       01F8E
_hid_rpt01                                     stringtext5  01800
_idle_rate                                     bssBANK2     0016C
_inPipes                                       bssBANK1     000E9
_inputReport                                   (abs)        000A0
_keyboard                                      (abs)        0232C
_keyboardCommand                               bssBANK2     0014E
_keyboardCommandBits                           bssBANK2     0014D
_keyboardCommandCount                          bssBANK0     00069
_keyboardCommandOnes                           bssBANK2     0014C
_keyboardData                                  bssBANK2     00151
_keyboardIdleRate                              bssBANK2     00138
_keyboardIndexData                             bssBANK2     00154
_keyboardIsBreak                               bssBANK2     0014F
_keyboardIsExtend                              bssBANK2     00150
_keyboardOnesCount                             bssBANK2     00153
_keyboardScanCode                              bssBANK2     00168
_keyboardScanCodeQueue                         (abs)        02391
_keyboardScanCodeValid                         bssBANK2     00152
_keyboardState                                 bssBANK2     00155
_main                                          maintext     00A72
_main$2579                                     cstackBANK1  000E0
_main$2580                                     cstackBANK1  000E2
_memcmp                                        text41       0136F
_memcpy                                        text38       0131E
_memset                                        text29       0109F
_oldInputReport                                bssBANK3     001A0
_outPipes                                      bssBANK2     00121
_outputReport                                  (abs)        00120
_pBDTEntryEP0OutCurrent                        bssBANK0     0006B
_pBDTEntryEP0OutNext                           bssBANK0     00067
_pBDTEntryIn                                   bssBANK0     00063
_pBDTEntryOut                                  bssBANK2     00130
_pDst                                          bssBANK2     00161
_prevTimeMs                                    bssBANK2     0012C
_ps2ExtUsbMap                                  stringtext1  003FB
_ps2UsbMap                                     stringtext2  01000
_sd000                                         stringtext10 018C2
_sd001                                         stringtext6  0183F
_sd002                                         stringtext9  018AE
_shortPacketStatus                             bssBANK2     00162
_timeMs                                        bssBANK2     00128
btemp                                          (abs)        0007E
clear_ram0                                     clrtext      01F1F
end_of_initialization                          cinit        00083
hex2str@val                                    cstackBANK1  000A8
i1GenericQueue_Enqueue@item                    cstackBANK0  00057
i1GenericQueue_Enqueue@q                       cstackBANK0  00055
i1GenericQueue_Init@element_size               cstackCOMMON 00072
i1GenericQueue_Init@q                          cstackCOMMON 00070
i1GenericQueue_IsFull@q                        cstackCOMMON 00070
i1PS2Keyboard_SendCommand@cmd                  cstackCOMMON 00070
i1USBDeviceInit@i                              cstackCOMMON 00077
i1USBDeviceInit@i_1324                         cstackCOMMON 00076
i1USBDeviceInit@p                              cstackCOMMON 00074
i1USBTransferOnePacket@data                    cstackCOMMON 00071
i1USBTransferOnePacket@dir                     cstackCOMMON 00070
i1USBTransferOnePacket@ep                      cstackCOMMON 00078
i1USBTransferOnePacket@handle                  cstackCOMMON 00079
i1USBTransferOnePacket@len                     cstackCOMMON 00073
i1_APP_KeyboardProcessOutputReport             text78       00800
i1_GenericQueue_Enqueue                        text91       01798
i1_GenericQueue_Init                           text70       0124E
i1_GenericQueue_IsFull                         text95       01FC3
i1_PS2Keyboard_SendCommand                     text79       01115
i1_USBDeviceInit                               text49       00DFE
i1_USBTransferOnePacket                        text69       00B61
i1___awmod                                     text94       014D8
i1___awmod@counter                             cstackCOMMON 00075
i1___awmod@dividend                            cstackCOMMON 00072
i1___awmod@divisor                             cstackCOMMON 00070
i1___awmod@sign                                cstackCOMMON 00076
i1___wmul                                      text93       0112F
i1___wmul@multiplicand                         cstackCOMMON 00072
i1___wmul@multiplier                           cstackCOMMON 00070
i1___wmul@product                              cstackCOMMON 00074
i1_memcpy                                      text92       012F8
i1_memset                                      text60       01089
i1memcpy@d                                     cstackBANK0  00050
i1memcpy@d1                                    cstackCOMMON 00076
i1memcpy@n                                     cstackCOMMON 0007A
i1memcpy@s                                     cstackBANK0  00052
i1memcpy@s1                                    cstackCOMMON 00078
i1memcpy@tmp                                   cstackBANK0  00054
i1memset@c                                     cstackCOMMON 00070
i1memset@dest                                  cstackCOMMON 00075
i1memset@n                                     cstackCOMMON 00072
i1memset@p                                     cstackCOMMON 00076
int$flags                                      (abs)        0007E
intlevel0                                      functab      00000
intlevel1                                      functab      00000
intlevel2                                      functab      00000
intlevel3                                      functab      00000
intlevel4                                      functab      00000
intlevel5                                      functab      00000
main@F3300                                     bssBANK3     001C4
main@F3304                                     dataBANK3    001C7
main@hndlScanCode                              cstackBANK1  000E5
main@scanCode                                  cstackBANK1  000E6
main@scanCodeStr                               cstackBANK1  000DA
main@scanCodeValid                             cstackBANK1  000E4
memcmp@l                                       cstackBANK1  000BB
memcmp@n                                       cstackBANK1  000B8
memcmp@r                                       cstackBANK1  000BD
memcmp@vl                                      cstackBANK1  000B5
memcmp@vr                                      cstackBANK1  000B7
memcpy@d                                       cstackBANK1  000BB
memcpy@d1                                      cstackBANK1  000B5
memcpy@n                                       cstackBANK1  000B9
memcpy@s                                       cstackBANK1  000BD
memcpy@s1                                      cstackBANK1  000B7
memcpy@tmp                                     cstackBANK1  000BF
memset@c                                       cstackBANK1  000A8
memset@dest                                    cstackBANK1  000AE
memset@n                                       cstackBANK1  000AA
memset@p                                       cstackBANK1  000AD
reset_vec                                      reset_vec    00000
start                                          init         0003D
start_initialization                           cinit        0003F
wtemp0                                         (abs)        0007E


MODULE INFORMATION

Module		Function		Class		Link	Load	Size
systime.c
		_SysTime_GetCurrentTimeMs		CODE           	1EE0	0000	9
		_SysTime_Init  		CODE           	1F08	0000	11
		_SysTimeInterrupt		CODE           	1EE9	0000	9

systime.c estimated size: 29

ps2_keyboard.c
		_PS2Keyboard_ClockInterrupt		CODE           	04FA	0000	245
		_PS2Keyboard_SendCommand		CODE           	119B	0000	28
		_PS2Keyboard_GetScanCode		CODE           	11B7	0000	28
		_PS2Keyboard_GetLastCommand		CODE           	1E83	0000	3
		_PS2Keyboard_Init		CODE           	1180	0000	27
		_PS2Keyboard_DataInterrupt		CODE           	1F6C	0000	17

ps2_keyboard.c estimated size: 348

usb/usb_device_hid.c
		_USBCheckHIDRequest		CODE           	0CE2	0000	142

usb/usb_device_hid.c estimated size: 142

/opt/microchip/xc8/v2.45/pic/sources/c99/common/memset.c
		_memset        		CODE           	109F	0000	22

/opt/microchip/xc8/v2.45/pic/sources/c99/common/memset.c estimated size: 22

generic_queue.c
		_GenericQueue_IsEmpty		CODE           	1FB0	0000	19
		_GenericQueue_IsFull		CODE           	1FD7	0000	20
		_GenericQueue_CopyToArray		CODE           	1668	0000	98
		_GenericQueue_Remove		CODE           	05EF	0000	244
		_GenericQueue_Contains		CODE           	1606	0000	98
		_GenericQueue_Dequeue		CODE           	08BA	0000	105
		_GenericQueue_Enqueue		CODE           	0852	0000	104
		_GenericQueue_Init		CODE           	126E	0000	32

generic_queue.c estimated size: 720

mcc_generated_files/tmr2.c
		_TMR2_ISR      		CODE           	1F13	0000	12
		_TMR2_Initialize		CODE           	1F9F	0000	17
		_TMR2_SetInterruptHandler		CODE           	1ED8	0000	8
		_TMR2_DefaultInterruptHandler		CODE           	07FE	0000	1
		_TMR2_StartTimer		CODE           	1E89	0000	3

mcc_generated_files/tmr2.c estimated size: 41

mcc_generated_files/interrupt_manager.c
		_INTERRUPT_InterruptManager		CODE           	0004	0000	57

mcc_generated_files/interrupt_manager.c estimated size: 57

/opt/microchip/xc8/v2.45/pic/sources/c99/common/Umul8.c
		___bmul        		CODE           	1F7D	0000	17

/opt/microchip/xc8/v2.45/pic/sources/c99/common/Umul8.c estimated size: 17

log.c
		_Log_Message   		CODE           	1165	0000	27
		_Log_UtilityConvertByteToHex		CODE           	12D3	0000	37
		_hex2str       		CODE           	1F8E	0000	17

log.c estimated size: 81

mcc_generated_files/pin_manager.c
		_IOCAF5_SetInterruptHandler		CODE           	1EA8	0000	8
		_PIN_MANAGER_Initialize		CODE           	1344	0000	43
		_IOCAF4_DefaultInterruptHandler		CODE           	0003	0000	1
		_IOCAF4_ISR    		CODE           	1F2B	0000	13
		_IOCAF5_DefaultInterruptHandler		CODE           	07FF	0000	1
		_IOCAF5_ISR    		CODE           	1F38	0000	13
		_PIN_MANAGER_IOC		CODE           	1EF2	0000	11
		_IOCAF4_SetInterruptHandler		CODE           	1EA0	0000	8

mcc_generated_files/pin_manager.c estimated size: 98

/opt/microchip/xc8/v2.45/pic/sources/c99/common/memcmp.c
		_memcmp        		CODE           	136F	0000	55

/opt/microchip/xc8/v2.45/pic/sources/c99/common/memcmp.c estimated size: 55

/opt/microchip/xc8/v2.45/pic/sources/c99/common/memcpy.c
		_memcpy        		CODE           	131E	0000	38

/opt/microchip/xc8/v2.45/pic/sources/c99/common/memcpy.c estimated size: 38

/opt/microchip/xc8/v2.45/pic/sources/c99/common/Umul16.c
		___wmul        		CODE           	114A	0000	27

/opt/microchip/xc8/v2.45/pic/sources/c99/common/Umul16.c estimated size: 27

usb/usb_device.c
		_USBCtrlTrfInHandler		CODE           	0AE6	0000	123
		_USBTransferOnePacket		CODE           	0BE1	0000	128
		_USBDeviceAttach		CODE           	10FC	0000	25
		_USBStdGetDscHandler		CODE           	0C61	0000	129
		_USBCtrlEPAllowDataStage		CODE           	1731	0000	103
		_USBStdFeatureReqHandler		CODE           	01D2	0000	288
		_USBCtrlEPAllowStatusStage		CODE           	0A00	0000	114
		_USBCtrlTrfSetupHandler		CODE           	07B6	0000	72
		_USBCtrlTrfOutHandler		CODE           	13E0	0000	58
		_USBCtrlEPServiceComplete		CODE           	0D70	0000	142
		_USBSuspend    		CODE           	10E4	0000	24
		_USBStdSetCfgHandler		CODE           	0923	0000	108
		_USBStdGetStatusHandler		CODE           	15A9	0000	93
		_USBWakeFromSuspend		CODE           	11D3	0000	29
		_USBCtrlTrfRxService		CODE           	0F4D	0000	179
		_USBCtrlTrfTxService		CODE           	16CA	0000	103
		_USBEnableEndpoint		CODE           	122E	0000	32
		_USBConfigureEndpoint		CODE           	1458	0000	63
		_USBDeviceInit 		CODE           	0EA1	0000	172
		_USBIncrement1msInternalTimers		CODE           	10B5	0000	23
		_USBCtrlEPService		CODE           	1562	0000	71
		_USBStallHandler		CODE           	128E	0000	34
		_USBDeviceTasks		CODE           	06E3	0000	211
		_USBCheckStdRequest		CODE           	098F	0000	113

usb/usb_device.c estimated size: 2437

app_device_keyboard.c
		_APP_KeyboardProcessOutputReport		CODE           	1EFD	0000	11
		_APP_KeyboardUpdateState		CODE           	0087	0000	331
		_APP_KeyboardInit		CODE           	080A	0000	72
		_USBHIDCBSetIdleRateHandler		CODE           	1F45	0000	13
		_USBHIDCBSetReportHandler		CODE           	1F52	0000	13
		_APP_KeyboardTasks		CODE           	02F2	0000	265
		_USBHIDCBSetReportComplete		CODE           	1E92	0000	7

app_device_keyboard.c estimated size: 712

shared
		_configDescriptor1		STRCODE        	1873	0000	41
		_USB_CD_Ptr    		STRCODE        	18C6	0000	2
		_sd001         		STRCODE        	183F	0000	52
		i1_GenericQueue_IsFull		CODE           	1FC3	0000	20
		_sd002         		STRCODE        	18AE	0000	14
		i1_USBDeviceInit		CODE           	0DFE	0000	163
		i1___wmul      		CODE           	112F	0000	27
		__initialization		CODE           	003F	0000	68
		i1___awmod     		CODE           	14D8	0000	69
		_device_dsc    		STRCODE        	189C	0000	18
		i1_GenericQueue_Enqueue		CODE           	1798	0000	104
		_ps2UsbMap     		STRCODE        	1000	0000	132
		_USB_SD_Ptr    		STRCODE        	18BC	0000	6
		_hid_rpt01     		STRCODE        	1800	0000	63
		i1_memset      		CODE           	1089	0000	22
		i1_GenericQueue_Init		CODE           	124E	0000	32
		_sd000         		STRCODE        	18C2	0000	4
		_ps2ExtUsbMap  		STRCODE        	03FB	0000	255
		i1_memcpy      		CODE           	12F8	0000	38
		i1_USBTransferOnePacket		CODE           	0B61	0000	128
		i1_PS2Keyboard_SendCommand		CODE           	1115	0000	26
		i1_APP_KeyboardProcessOutputReport		CODE           	0800	0000	10

shared estimated size: 1294

usb/usb_events.c
		_USER_USB_CALLBACK_EVENT_HANDLER		CODE           	141A	0000	62

usb/usb_events.c estimated size: 62

mcc_generated_files/mcc.c
		_WDT_Initialize		CODE           	1E86	0000	3
		_OSCILLATOR_Initialize		CODE           	1F5F	0000	13
		_SYSTEM_Initialize		CODE           	1FEB	0000	21

mcc_generated_files/mcc.c estimated size: 37

/opt/microchip/xc8/v2.45/pic/sources/c99/common/awmod.c
		___awmod       		CODE           	151D	0000	69

/opt/microchip/xc8/v2.45/pic/sources/c99/common/awmod.c estimated size: 69

ps2usb.c
		_PS2USB_ScanCodeToUSBHID		CODE           	120F	0000	31

ps2usb.c estimated size: 31

mcc_generated_files/eusart.c
		_EUSART_SetRxInterruptHandler		CODE           	1EC8	0000	8
		_EUSART_SetTxInterruptHandler		CODE           	1ED0	0000	8
		_EUSART_DefaultOverrunErrorHandler		CODE           	1085	0000	4
		_EUSART_Write  		CODE           	12B0	0000	35
		_EUSART_DefaultErrorHandler		CODE           	1E80	0000	3
		_EUSART_Transmit_ISR		CODE           	11F0	0000	31
		_EUSART_Initialize		CODE           	1497	0000	65
		_EUSART_SetFramingErrorHandler		CODE           	1EB8	0000	8
		_EUSART_SetErrorHandler		CODE           	1EB0	0000	8
		_EUSART_SetOverrunErrorHandler		CODE           	1EC0	0000	8
		_EUSART_Receive_ISR		CODE           	13A6	0000	58
		_EUSART_RxDataHandler		CODE           	10CC	0000	24
		_EUSART_DefaultFramingErrorHandler		CODE           	0002	0000	1
		_EUSART_is_tx_ready		CODE           	1E99	0000	7

mcc_generated_files/eusart.c estimated size: 268

main.c
		_main          		CODE           	0A72	0000	116

main.c estimated size: 116

