Microchip MPLAB XC8 Compiler V2.45

Linker command line:

-W-3 \
  --edf=/opt/microchip/mplabx/v6.25/packs/Microchip/PIC12-16F1xxx_DFP/1.7.242/xc8/pic/dat/20230907200743_en.msgs \
  -cn -h+dist/default/production/at2usbClassic.X.production.sym \
  --cmf=dist/default/production/at2usbClassic.X.production.cmf -z -Q16F1455 \
  -o/tmp/xcXILjKia/driver_tmp_3.o --defsym=__MPLAB_BUILD=1 \
  --fixupoverflow=error \
  -Mdist/default/production/at2usbClassic.X.production.map \
  --md=/tmp/xcXILjKia/driver_tmp_0.dat -E1 -ver=XC8 Compiler --acfsm=1493 \
  -ACODE=00h-07FFhx4 -ASTRCODE=00h-01FFFh -ASTRING=00h-0FFhx32 \
  -ACONST=00h-0FFhx32 -AENTRY=00h-0FFhx32 -ACOMMON=070h-07Fh \
  -ABANK0=020h-06Fh -ABANK1=0A0h-0EFh -ABANK2=0120h-016Fh \
  -ABANK3=01A0h-01EFh -ABANK4=0220h-026Fh -ABANK5=02A0h-02EFh \
  -ABANK6=0320h-036Fh -ABANK7=03A0h-03EFh -ABANK8=0420h-046Fh \
  -ABANK9=04A0h-04EFh -ABANK10=0520h-056Fh -ABANK11=05A0h-05EFh \
  -ABANK12=0620h-064Fh -ABIGRAM=02000h-023EFh \
  -ARAM=020h-06Fh,0A0h-0EFh,0120h-016Fh,01A0h-01EFh,0220h-026Fh,02A0h-02EFh,0320h-036Fh,03A0h-03EFh,0420h-046Fh,04A0h-04EFh,0520h-056Fh,05A0h-05EFh,0620h-064Fh \
  -AABS1=020h-07Fh,0A0h-0EFh,0120h-016Fh,01A0h-01EFh,0220h-026Fh,02A0h-02EFh,0320h-036Fh,03A0h-03EFh,0420h-046Fh,04A0h-04EFh,0520h-056Fh,05A0h-05EFh,0620h-064Fh \
  -ASFR0=00h-01Fh -ASFR1=080h-09Fh -ASFR2=0100h-011Fh -ASFR3=0180h-019Fh \
  -ASFR4=0200h-021Fh -ASFR5=0280h-029Fh -ASFR6=0300h-031Fh \
  -ASFR7=0380h-039Fh -ASFR8=0400h-041Fh -ASFR9=0480h-049Fh \
  -ASFR10=0500h-051Fh -ASFR11=0580h-059Fh -ASFR12=0600h-061Fh \
  -ASFR13=0680h-06EFh -ASFR14=0700h-076Fh -ASFR15=0780h-07EFh \
  -ASFR16=0800h-086Fh -ASFR17=0880h-08EFh -ASFR18=0900h-096Fh \
  -ASFR19=0980h-09EFh -ASFR20=0A00h-0A6Fh -ASFR21=0A80h-0AEFh \
  -ASFR22=0B00h-0B6Fh -ASFR23=0B80h-0BEFh -ASFR24=0C00h-0C6Fh \
  -ASFR25=0C80h-0CEFh -ASFR26=0D00h-0D6Fh -ASFR27=0D80h-0DEFh \
  -ASFR28=0E00h-0E6Fh -ASFR29=0E80h-0EEFh -ASFR30=0F00h-0F6Fh \
  -ASFR31=0F80h-0FEFh -ACONFIG=08007h-08008h -DCONFIG=2 \
  -AIDLOC=08000h-08003h -DIDLOC=2 -DCODE=2 -DSTRCODE=2 -DSTRING=2 -DCONST=2 \
  -DENTRY=2 -preset_vec=00h,intentry=04h,init,end_init -ppowerup=CODE \
  -pcinit=CODE -pfunctab=ENTRY -k /tmp/xcXILjKia/driver_tmp_12.o \
  dist/default/production/at2usbClassic.X.production.o 

Object code version is 3.11

Machine type is 16F1455



                Name                               Link     Load   Length Selector   Space Scale
/tmp/xcXILjKia/driver_tmp_12.o
                end_init                             3D       3D        2        8       0
                reset_vec                             0        0        2        0       0
                config                             8007     8007        2        0       4
dist/default/production/at2usbClassic.X.production.o
                cinit                                3F       3F       46        8       0
                intentry                              4        4       39        8       0
                config                             8007     8007        2        0       4
                text102                            1FB8     1FB8       18     3F70       0
                text101                            1E1D     1E1D        3     3C3A       0
                text100                            1E1C     1E1C        1     3C38       0
                text99                             1E29     1E29        4     3C52       0
                text98                             1316     1316       3A     262C       0
                text97                             1166     1166       1D     22CC       0
                text96                             1E82     1E82        9     3D04       0
                text95                             1F64     1F64       14     3EC8       0
                text94                             1448     1448       45     2890       0
                text93                             10C1     10C1       1B     2182       0
                text92                             1268     1268       26     24D0       0
                text91                             1798     1798       68     2F30       0
                text90                              54A      54A       F6      A94       0
                text89                              800      800        1      A94       0
                text88                             1ECC     1ECC        D     3D98       0
                text87                             1F0D     1F0D       11     3E1A       0
                text86                                2        2        1        0       0
                text85                             1ED9     1ED9        D     3DB2       0
                text84                             1E9E     1E9E        B     3D3C       0
                text83                                3        3        1        6       0
                text82                             1E8B     1E8B        9     3D16       0
                text81                             1EB4     1EB4        C     3D68       0
                text80                             16CA     16CA       67     2D94       0
                text79                             10A7     10A7       1A     214E       0
                text78                             1E94     1E94        A     3D28       0
                text77                             1E33     1E33        7     3C66       0
                text76                              A4B      A4B       7B     1496       0
                text75                              8F4      8F4       72     11E8       0
                text74                              734      734       B3      A94       0
                text73                             1350     1350       3A     26A0       0
                text72                             13C8     13C8       3F     2790       0
                text71                             11BF     11BF       20     237E       0
                text70                             11DF     11DF       20     23BE       0
                text69                              B41      B41       80     1682       0
                text68                             1519     1519       48     2A32       0
                text67                             1EE6     1EE6        D     3DCC       0
                text66                             1EF3     1EF3        D     3DE6       0
                text65                              CC2      CC2       8E     1984       0
                text64                             138A     138A       3E     2714       0
                text63                              21F      21F      120        8       0
                text62                              C41      C41       81     1882       0
                text61                             15A9     15A9       5D     2B52       0
                text60                             1FD0     1FD0       18     3FA0       0
                text59                              966      966       72     12CC       0
                text58                              9D8      9D8       73     13B0       0
                text57                             1731     1731       67     2E62       0
                text56                              D50      D50       8E     1AA0       0
                text55                             1561     1561       48     2AC2       0
                text54                             14D2     14D2       47     29A4       0
                text53                             1FA1     1FA1       17     3F42       0
                text52                              801      801       22     1002       0
                text51                             1FE8     1FE8       18     3FD0       0
                text50                             1183     1183       1D     2306       0
                text49                              DDE      DDE       A3     1BBC       0
                text48                              F2D      F2D       D3     1E5A       0
                text46                             1112     1112       1C     2224       0
                text45                             1EA9     1EA9        B     3D52       0
                text44                             1F51     1F51       13     3EA2       0
                text43                             148D     148D       45     291A       0
                text42                             10DC     10DC       1B     21B8       0
                text41                             12DF     12DF       37     25BE       0
                text40                             1606     1606       62     2C0C       0
                text39                             1F78     1F78       14     3EF0       0
                text38                             128E     128E       26     251C       0
                text37                              823      823       68     1046       0
                text36                              640      640       F4      A94       0
                text35                             1E20     1E20        3     3C40       0
                text34                             11A0     11A0       1F     2340       0
                text33                               85       85      19A        8       0
                text32                             1F1E     1F1E       11     3E3C       0
                text31                             1668     1668       62     2CD0       0
                text30                              BC1      BC1       80     1782       0
                text29                             108F     108F       18     211E       0
                text28                              33F      33F      10C        8       0
                text27                             121F     121F       24     243E       0
                text26                             1E3A     1E3A        8     3C74       0
                text25                             112E     112E       1C     225C       0
                text24                             1F2F     1F2F       11     3E5E       0
                text23                             1243     1243       25     2486       0
                text22                              88B      88B       69     1116       0
                text21                             114A     114A       1C     2294       0
                text20                             11FF     11FF       20     23FE       0
                text19                             1E42     1E42        8     3C84       0
                text18                             1E4A     1E4A        8     3C94       0
                text17                             10F7     10F7       1B     21EE       0
                text16                             1E52     1E52        8     3CA4       0
                text15                             1E5A     1E5A        8     3CB4       0
                text14                             1E62     1E62        8     3CC4       0
                text13                             1E6A     1E6A        8     3CD4       0
                text12                             1E72     1E72        8     3CE4       0
                text11                             1407     1407       41     280E       0
                text10                             1F00     1F00        D     3E00       0
                text9                              12B4     12B4       2B     2568       0
                text8                              1E7A     1E7A        8     3CF4       0
                text7                              1F40     1F40       11     3E80       0
                text6                               7E7      7E7       19      A94       0
                text5                               E81      E81       AC     1D02       0
                text4                              1E23     1E23        3     3C46       0
                text3                              1F8C     1F8C       15     3F18       0
                text2                              1E26     1E26        3     3C4C       0
                text1                              1084     1084        B     2108       0
                maintext                            AC6      AC6       7B     158C       0
                cstackBANK0                          50       50       13       50       1
                cstackCOMMON                         70       70        E       70       1
                cstackBANK1                          A8       A8       43       A8       1
                clrtext                            1EC0     1EC0        C     3D80       0
                dataBANK3                           1C7      1C7        6      1A0       1
                bssBANK3                            1A0      1A0       27      1A0       1
                bssBANK2                            121      121       4F      121       1
                bssBANK1                             EB       EB        5       A8       1
                bssBANK0                             63       63        D       50       1
                nvBANK3                             1CD      1CD        4      1A0       1
                stringtext10                       18C2     18C2        4     3000       0
                stringtext9                        18AE     18AE        E     3000       0
                stringtext8                        189C     189C       12     3000       0
                stringtext7                        1873     1873       29     3000       0
                stringtext6                        183F     183F       34     3000       0
                stringtext5                        1800     1800       3F     3000       0
                stringtext4                        18C6     18C6        2     3000       0
                stringtext3                        18BC     18BC        6     3000       0
                stringtext2                        1000     1000       84     2000       0
                stringtext1                         44B      44B       FF      896       0
                idataBANK3                         1E2D     1E2D        6     3C5A       0

TOTAL           Name                               Link     Load   Length     Space
        CLASS   CODE           
                end_init                             3D       3D        2         0
                cinit                                3F       3F       46         0
                intentry                              4        4       39         0
                reset_vec                             0        0        2         0
                text102                            1FB8     1FB8       18         0
                text101                            1E1D     1E1D        3         0
                text100                            1E1C     1E1C        1         0
                text99                             1E29     1E29        4         0
                text98                             1316     1316       3A         0
                text97                             1166     1166       1D         0
                text96                             1E82     1E82        9         0
                text95                             1F64     1F64       14         0
                text94                             1448     1448       45         0
                text93                             10C1     10C1       1B         0
                text92                             1268     1268       26         0
                text91                             1798     1798       68         0
                text90                              54A      54A       F6         0
                text89                              800      800        1         0
                text88                             1ECC     1ECC        D         0
                text87                             1F0D     1F0D       11         0
                text86                                2        2        1         0
                text85                             1ED9     1ED9        D         0
                text84                             1E9E     1E9E        B         0
                text83                                3        3        1         0
                text82                             1E8B     1E8B        9         0
                text81                             1EB4     1EB4        C         0
                text80                             16CA     16CA       67         0
                text79                             10A7     10A7       1A         0
                text78                             1E94     1E94        A         0
                text77                             1E33     1E33        7         0
                text76                              A4B      A4B       7B         0
                text75                              8F4      8F4       72         0
                text74                              734      734       B3         0
                text73                             1350     1350       3A         0
                text72                             13C8     13C8       3F         0
                text71                             11BF     11BF       20         0
                text70                             11DF     11DF       20         0
                text69                              B41      B41       80         0
                text68                             1519     1519       48         0
                text67                             1EE6     1EE6        D         0
                text66                             1EF3     1EF3        D         0
                text65                              CC2      CC2       8E         0
                text64                             138A     138A       3E         0
                text63                              21F      21F      120         0
                text62                              C41      C41       81         0
                text61                             15A9     15A9       5D         0
                text60                             1FD0     1FD0       18         0
                text59                              966      966       72         0
                text58                              9D8      9D8       73         0
                text57                             1731     1731       67         0
                text56                              D50      D50       8E         0
                text55                             1561     1561       48         0
                text54                             14D2     14D2       47         0
                text53                             1FA1     1FA1       17         0
                text52                              801      801       22         0
                text51                             1FE8     1FE8       18         0
                text50                             1183     1183       1D         0
                text49                              DDE      DDE       A3         0
                text48                              F2D      F2D       D3         0
                text46                             1112     1112       1C         0
                text45                             1EA9     1EA9        B         0
                text44                             1F51     1F51       13         0
                text43                             148D     148D       45         0
                text42                             10DC     10DC       1B         0
                text41                             12DF     12DF       37         0
                text40                             1606     1606       62         0
                text39                             1F78     1F78       14         0
                text38                             128E     128E       26         0
                text37                              823      823       68         0
                text36                              640      640       F4         0
                text35                             1E20     1E20        3         0
                text34                             11A0     11A0       1F         0
                text33                               85       85      19A         0
                text32                             1F1E     1F1E       11         0
                text31                             1668     1668       62         0
                text30                              BC1      BC1       80         0
                text29                             108F     108F       18         0
                text28                              33F      33F      10C         0
                text27                             121F     121F       24         0
                text26                             1E3A     1E3A        8         0
                text25                             112E     112E       1C         0
                text24                             1F2F     1F2F       11         0
                text23                             1243     1243       25         0
                text22                              88B      88B       69         0
                text21                             114A     114A       1C         0
                text20                             11FF     11FF       20         0
                text19                             1E42     1E42        8         0
                text18                             1E4A     1E4A        8         0
                text17                             10F7     10F7       1B         0
                text16                             1E52     1E52        8         0
                text15                             1E5A     1E5A        8         0
                text14                             1E62     1E62        8         0
                text13                             1E6A     1E6A        8         0
                text12                             1E72     1E72        8         0
                text11                             1407     1407       41         0
                text10                             1F00     1F00        D         0
                text9                              12B4     12B4       2B         0
                text8                              1E7A     1E7A        8         0
                text7                              1F40     1F40       11         0
                text6                               7E7      7E7       19         0
                text5                               E81      E81       AC         0
                text4                              1E23     1E23        3         0
                text3                              1F8C     1F8C       15         0
                text2                              1E26     1E26        3         0
                text1                              1084     1084        B         0
                maintext                            AC6      AC6       7B         0
                clrtext                            1EC0     1EC0        C         0
                idataBANK3                         1E2D     1E2D        6         0

        CLASS   STRCODE        
                stringtext10                       18C2     18C2        4         0
                stringtext9                        18AE     18AE        E         0
                stringtext8                        189C     189C       12         0
                stringtext7                        1873     1873       29         0
                stringtext6                        183F     183F       34         0
                stringtext5                        1800     1800       3F         0
                stringtext4                        18C6     18C6        2         0
                stringtext3                        18BC     18BC        6         0
                stringtext2                        1000     1000       84         0
                stringtext1                         44B      44B       FF         0

        CLASS   STRING         

        CLASS   CONST          

        CLASS   ENTRY          

        CLASS   COMMON         
                cstackCOMMON                         70       70        E         1

        CLASS   BANK0          
                cstackBANK0                          50       50       13         1
                bssBANK0                             63       63        D         1

        CLASS   BANK1          
                cstackBANK1                          A8       A8       43         1
                bssBANK1                             EB       EB        5         1

        CLASS   BANK2          
                bssBANK2                            121      121       4F         1

        CLASS   BANK3          
                dataBANK3                           1C7      1C7        6         1
                bssBANK3                            1A0      1A0       27         1
                nvBANK3                             1CD      1CD        4         1

        CLASS   BANK4          

        CLASS   BANK5          

        CLASS   BANK6          

        CLASS   BANK7          

        CLASS   BANK8          

        CLASS   BANK9          

        CLASS   BANK10         

        CLASS   BANK11         

        CLASS   BANK12         

        CLASS   BIGRAM         

        CLASS   RAM            

        CLASS   ABS1           
                abs_s1                               20       20       30         1
                abs_s1                               7E       7E        2         1
                abs_s1                               A0       A0        8         1
                abs_s1                              120      120        1         1
                abs_s1                              52C      52C       44         1
                abs_s1                              5A0      5A0       50         1
                abs_s1                              620      620       30         1
                abs_s1                             232C     232C        0         1
                abs_s1                             2391     2391        0         1

        CLASS   SFR0           

        CLASS   SFR1           

        CLASS   SFR2           

        CLASS   SFR3           

        CLASS   SFR4           

        CLASS   SFR5           

        CLASS   SFR6           

        CLASS   SFR7           

        CLASS   SFR8           

        CLASS   SFR9           

        CLASS   SFR10          

        CLASS   SFR11          

        CLASS   SFR12          

        CLASS   SFR13          

        CLASS   SFR14          

        CLASS   SFR15          

        CLASS   SFR16          

        CLASS   SFR17          

        CLASS   SFR18          

        CLASS   SFR19          

        CLASS   SFR20          

        CLASS   SFR21          

        CLASS   SFR22          

        CLASS   SFR23          

        CLASS   SFR24          

        CLASS   SFR25          

        CLASS   SFR26          

        CLASS   SFR27          

        CLASS   SFR28          

        CLASS   SFR29          

        CLASS   SFR30          

        CLASS   SFR31          

        CLASS   CONFIG         
                config                             8007     8007        2         4

        CLASS   IDLOC          

        CLASS   BANK31         

        CLASS   BANK30         

        CLASS   BANK29         

        CLASS   BANK28         

        CLASS   BANK27         

        CLASS   BANK26         

        CLASS   BANK25         

        CLASS   BANK24         

        CLASS   BANK23         

        CLASS   BANK22         

        CLASS   BANK21         

        CLASS   BANK20         

        CLASS   BANK19         

        CLASS   BANK18         

        CLASS   BANK17         

        CLASS   BANK16         

        CLASS   BANK15         

        CLASS   BANK14         

        CLASS   BANK13         

        CLASS   HEAP           

        CLASS   STACK          

        CLASS   EEDATA         



SEGMENTS        Name                           Load    Length   Top    Selector   Space  Class     Delta

                text97                         001166  00001D  001183      22CC       0  CODE        2
                text50                         001183  00001D  0011A0      2306       0  CODE        2
                text25                         00112E  00001C  00114A      225C       0  CODE        2
                text21                         00114A  00001C  001166      2294       0  CODE        2
                text34                         0011A0  00001F  0011BF      2340       0  CODE        2
                text20                         0011FF  000020  00121F      23FE       0  CODE        2
                text52                         000801  000022  000823      1002       0  CODE        2
                text71                         0011BF  000020  0011DF      237E       0  CODE        2
                text70                         0011DF  000020  0011FF      23BE       0  CODE        2
                text46                         001112  00001C  00112E      2224       0  CODE        2
                text60                         001FD0  000018  001FE8      3FA0       0  CODE        2
                text51                         001FE8  000018  002000      3FD0       0  CODE        2
                text53                         001FA1  000017  001FB8      3F42       0  CODE        2
                text102                        001FB8  000018  001FD0      3F70       0  CODE        2
                text29                         00108F  000018  0010A7      211E       0  CODE        2
                text42                         0010DC  00001B  0010F7      21B8       0  CODE        2
                text17                         0010F7  00001B  001112      21EE       0  CODE        2
                text79                         0010A7  00001A  0010C1      214E       0  CODE        2
                text93                         0010C1  00001B  0010DC      2182       0  CODE        2
                text27                         00121F  000024  001243      243E       0  CODE        2
                text43                         00148D  000045  0014D2      291A       0  CODE        2
                text54                         0014D2  000047  001519      29A4       0  CODE        2
                text11                         001407  000041  001448      280E       0  CODE        2
                text94                         001448  000045  00148D      2890       0  CODE        2
                text68                         001519  000048  001561      2A32       0  CODE        2
                text40                         001606  000062  001668      2C0C       0  CODE        2
                text31                         001668  000062  0016CA      2CD0       0  CODE        2
                text55                         001561  000048  0015A9      2AC2       0  CODE        2
                text61                         0015A9  00005D  001606      2B52       0  CODE        2
                stringtext5                    001800  0000C8  0018C8      3000       0  STRCODE     2
                text38                         00128E  000026  0012B4      251C       0  CODE        2
                text9                          0012B4  00002B  0012DF      2568       0  CODE        2
                text23                         001243  000025  001268      2486       0  CODE        2
                text92                         001268  000026  00128E      24D0       0  CODE        2
                text41                         0012DF  000037  001316      25BE       0  CODE        2
                text64                         00138A  00003E  0013C8      2714       0  CODE        2
                text72                         0013C8  00003F  001407      2790       0  CODE        2
                text98                         001316  00003A  001350      262C       0  CODE        2
                text73                         001350  00003A  00138A      26A0       0  CODE        2
                text16                         001E52  000008  001E5A      3CA4       0  CODE        2
                text15                         001E5A  000008  001E62      3CB4       0  CODE        2
                text19                         001E42  000008  001E4A      3C84       0  CODE        2
                text18                         001E4A  000008  001E52      3C94       0  CODE        2
                text14                         001E62  000008  001E6A      3CC4       0  CODE        2
                text8                          001E7A  000008  001E82      3CF4       0  CODE        2
                text96                         001E82  000009  001E8B      3D04       0  CODE        2
                text13                         001E6A  000008  001E72      3CD4       0  CODE        2
                text12                         001E72  000008  001E7A      3CE4       0  CODE        2
                text26                         001E3A  000008  001E42      3C74       0  CODE        2
                text101                        001E1D  000003  001E20      3C3A       0  CODE        2
                text35                         001E20  000003  001E23      3C40       0  CODE        2
                text100                        001E1C  000001  001E1D      3C38       0  CODE        2
                text83                         000003  000001  000004         6       0  CODE        2
                text4                          001E23  000003  001E26      3C46       0  CODE        2
                idataBANK3                     001E2D  000006  001E33      3C5A       0  CODE        2
                text77                         001E33  000007  001E3A      3C66       0  CODE        2
                text2                          001E26  000003  001E29      3C4C       0  CODE        2
                text99                         001E29  000004  001E2D      3C52       0  CODE        2
                text82                         001E8B  000009  001E94      3D16       0  CODE        2
                text32                         001F1E  000011  001F2F      3E3C       0  CODE        2
                text24                         001F2F  000011  001F40      3E5E       0  CODE        2
                text10                         001F00  00000D  001F0D      3E00       0  CODE        2
                text87                         001F0D  000011  001F1E      3E1A       0  CODE        2
                text7                          001F40  000011  001F51      3E80       0  CODE        2
                text39                         001F78  000014  001F8C      3EF0       0  CODE        2
                text3                          001F8C  000015  001FA1      3F18       0  CODE        2
                text44                         001F51  000013  001F64      3EA2       0  CODE        2
                text95                         001F64  000014  001F78      3EC8       0  CODE        2
                text66                         001EF3  00000D  001F00      3DE6       0  CODE        2
                text45                         001EA9  00000B  001EB4      3D52       0  CODE        2
                text1                          001084  00000B  00108F      2108       0  CODE        2
                text78                         001E94  00000A  001E9E      3D28       0  CODE        2
                text84                         001E9E  00000B  001EA9      3D3C       0  CODE        2
                text81                         001EB4  00000C  001EC0      3D68       0  CODE        2
                text85                         001ED9  00000D  001EE6      3DB2       0  CODE        2
                text67                         001EE6  00000D  001EF3      3DCC       0  CODE        2
                clrtext                        001EC0  00000C  001ECC      3D80       0  CODE        2
                text88                         001ECC  00000D  001ED9      3D98       0  CODE        2
                text80                         0016CA  000067  001731      2D94       0  CODE        2
                reset_vec                      000000  000003  000003         0       0  CODE        2
                cstackBANK1                    0000A8  000048  0000F0        A8       1  BANK1       1
                cstackBANK0                    000050  000020  000070        50       1  BANK0       1
                bssBANK3                       0001A0  000031  0001D1       1A0       1  BANK3       1
                bssBANK2                       000121  00004F  000170       121       1  BANK2       1
                cstackCOMMON                   000070  00000E  00007E        70       1  COMMON      1
                intentry                       000004  000447  00044B         8       0  CODE        2
                stringtext2                    001000  000084  001084      2000       0  STRCODE     2
                text65                         000CC2  00008E  000D50      1984       0  CODE        2
                text30                         000BC1  000080  000C41      1782       0  CODE        2
                text62                         000C41  000081  000CC2      1882       0  CODE        2
                text56                         000D50  00008E  000DDE      1AA0       0  CODE        2
                text48                         000F2D  0000D3  001000      1E5A       0  CODE        2
                text90                         00054A  0002B7  000801       A94       0  CODE        2
                text49                         000DDE  0000A3  000E81      1BBC       0  CODE        2
                text5                          000E81  0000AC  000F2D      1D02       0  CODE        2
                text69                         000B41  000080  000BC1      1682       0  CODE        2
                text37                         000823  000068  00088B      1046       0  CODE        2
                text22                         00088B  000069  0008F4      1116       0  CODE        2
                text57                         001731  000067  001798      2E62       0  CODE        2
                text91                         001798  000068  001800      2F30       0  CODE        2
                text75                         0008F4  000072  000966      11E8       0  CODE        2
                text76                         000A4B  00007B  000AC6      1496       0  CODE        2
                maintext                       000AC6  00007B  000B41      158C       0  CODE        2
                text59                         000966  000072  0009D8      12CC       0  CODE        2
                text58                         0009D8  000073  000A4B      13B0       0  CODE        2
                stringtext1                    00044B  0000FF  00054A       896       0  STRCODE     2


UNUSED ADDRESS RANGES

        Name                Unused          Largest block    Delta
        BANK10           00520-0052B               C           1
        BANK3            001D1-001EF              1F           1
        BANK4            00220-0026F              50           1
        BANK5            002A0-002EF              50           1
        BANK6            00320-0036F              50           1
        BANK7            003A0-003EF              50           1
        BANK8            00420-0046F              50           1
        BANK9            004A0-004EF              50           1
        BIGRAM           02000-023EF             3F0           1
        CODE             018C8-01E1B             554           2
        CONST            018C8-01E1B             100           2
        ENTRY            018C8-01E1B             100           2
        IDLOC            08000-08003               4           2
        RAM              001D1-001EF              1F           1
                         00220-0026F              50
                         002A0-002EF              50
                         00320-0036F              50
                         003A0-003EF              50
                         00420-0046F              50
                         004A0-004EF              50
                         00520-0052B               C
        SFR0             00000-0001F              20           1
        SFR1             00080-0009F              20           1
        SFR10            00500-0051F              20           1
        SFR11            00580-0059F              20           1
        SFR12            00600-0061F              20           1
        SFR13            00680-006EF              70           1
        SFR14            00700-0076F              70           1
        SFR15            00780-007EF              70           1
        SFR16            00800-0086F              70           1
        SFR17            00880-008EF              70           1
        SFR18            00900-0096F              70           1
        SFR19            00980-009EF              70           1
        SFR2             00100-0011F              20           1
        SFR20            00A00-00A6F              70           1
        SFR21            00A80-00AEF              70           1
        SFR22            00B00-00B6F              70           1
        SFR23            00B80-00BEF              70           1
        SFR24            00C00-00C6F              70           1
        SFR25            00C80-00CEF              70           1
        SFR26            00D00-00D6F              70           1
        SFR27            00D80-00DEF              70           1
        SFR28            00E00-00E6F              70           1
        SFR29            00E80-00EEF              70           1
        SFR3             00180-0019F              20           1
        SFR30            00F00-00F6F              70           1
        SFR31            00F80-00FEF              70           1
        SFR4             00200-0021F              20           1
        SFR5             00280-0029F              20           1
        SFR6             00300-0031F              20           1
        SFR7             00380-0039F              20           1
        SFR8             00400-0041F              20           1
        SFR9             00480-0049F              20           1
        STRCODE          018C8-01E1B             554           2
        STRING           018C8-01E1B             100           2

                                  Symbol Table

?_GenericQueue_IsEmpty                         cstackBANK1  000A8
?_GenericQueue_IsFull                          cstackBANK1  000A8
?_SysTime_GetCurrentTimeMs                     cstackCOMMON 00070
?_USBTransferOnePacket                         cstackBANK1  000A8
?___awmod                                      cstackBANK1  000A8
?___wmul                                       cstackBANK1  000AF
?_memcmp                                       cstackBANK1  000B5
?i1_GenericQueue_IsFull                        cstackCOMMON 00070
?i1_USBTransferOnePacket                       cstackCOMMON 00070
?i1___awmod                                    cstackCOMMON 00070
?i1___wmul                                     cstackCOMMON 00070
APP_KeyboardTasks@TimeDeltaMilliseconds        cstackBANK1  000D5
APP_KeyboardTasks@i                            cstackBANK1  000D7
APP_KeyboardTasks@needToSendNewReportPacket    cstackBANK1  000D4
APP_KeyboardTasks@scanCode                     cstackBANK1  000D3
APP_KeyboardUpdateState@leds                   cstackBANK1  000CB
APP_KeyboardUpdateState@scanCode               cstackBANK1  000D0
APP_KeyboardUpdateState@usbHidCode             cstackBANK1  000CC
APP_KeyboardUpdateState@usbHidCode_2855        cstackBANK1  000CE
APP_KeyboardUpdateState@usbHidCode_2856        cstackBANK1  000CD
APP_KeyboardUpdateState@usbHidCode_2864        cstackBANK1  000CF
EUSART_SetErrorHandler@interruptHandler        cstackBANK1  000A8
EUSART_SetFramingErrorHandler@interruptHandler cstackBANK1  000A8
EUSART_SetOverrunErrorHandler@interruptHandler cstackBANK1  000A8
EUSART_SetRxInterruptHandler@interruptHandler  cstackBANK1  000A8
EUSART_SetTxInterruptHandler@interruptHandler  cstackBANK1  000A8
EUSART_Write@txData                            cstackBANK1  000A9
GenericQueue_Contains@i                        cstackBANK1  000C5
GenericQueue_Contains@item                     cstackBANK1  000C0
GenericQueue_Contains@q                        cstackBANK1  000BE
GenericQueue_CopyToArray@array                 cstackBANK1  000C2
GenericQueue_CopyToArray@count                 cstackBANK1  000C8
GenericQueue_CopyToArray@index                 cstackBANK1  000C7
GenericQueue_CopyToArray@q                     cstackBANK1  000C0
GenericQueue_Dequeue@item                      cstackBANK1  000C2
GenericQueue_Dequeue@q                         cstackBANK1  000C0
GenericQueue_Enqueue@item                      cstackBANK1  000C2
GenericQueue_Enqueue@q                         cstackBANK1  000C0
GenericQueue_Init@element_size                 cstackBANK1  000AA
GenericQueue_Init@q                            cstackBANK1  000A8
GenericQueue_IsEmpty@q                         cstackBANK1  000A8
GenericQueue_IsFull@q                          cstackBANK1  000A8
GenericQueue_Remove@i                          cstackBANK1  000C7
GenericQueue_Remove@item                       cstackBANK1  000C2
GenericQueue_Remove@j                          cstackBANK1  000C8
GenericQueue_Remove@q                          cstackBANK1  000C0
IOCAF4_SetInterruptHandler@InterruptHandler    cstackBANK1  000A8
IOCAF5_SetInterruptHandler@InterruptHandler    cstackBANK1  000A8
Log_Message@buf                                cstackBANK1  000AC
Log_Message@bufSize                            cstackBANK1  000AA
Log_Message@i                                  cstackBANK1  000AD
Log_UtilityConvertByteToHex@buf                cstackBANK1  000AC
Log_UtilityConvertByteToHex@bufSize            cstackBANK1  000AD
Log_UtilityConvertByteToHex@byte               cstackBANK1  000B0
Log_UtilityConvertByteToHex@d0                 cstackBANK1  000AF
Log_UtilityConvertByteToHex@d1                 cstackBANK1  000B1
PS2Keyboard_ClockInterrupt@bit                 cstackCOMMON 0007D
PS2Keyboard_ClockInterrupt@bitPos              cstackCOMMON 0007C
PS2Keyboard_GetScanCode@ret                    cstackBANK1  000C8
PS2Keyboard_GetScanCode@scanCode               cstackBANK1  000C7
PS2Keyboard_SendCommand@cmd                    cstackBANK1  000A8
PS2USB_ScanCodeToUSBHID@scanCode               cstackBANK1  000A8
TMR2_SetInterruptHandler@InterruptHandler      cstackBANK1  000A8
USBConfigureEndpoint@EPNum                     cstackCOMMON 00075
USBConfigureEndpoint@direction                 cstackCOMMON 00070
USBConfigureEndpoint@handle                    cstackCOMMON 00076
USBCtrlTrfInHandler@lastDTS                    cstackCOMMON 00077
USBCtrlTrfRxService@byteToRead                 cstackCOMMON 00079
USBCtrlTrfRxService@i                          cstackCOMMON 00078
USBCtrlTrfTxService@byteToSend                 cstackCOMMON 00072
USBDeviceInit@i                                cstackBANK1  000AF
USBDeviceInit@i_1324                           cstackBANK1  000AE
USBDeviceInit@p                                cstackBANK1  000AC
USBDeviceTasks@i                               cstackBANK0  00062
USBEnableEndpoint@ep                           cstackCOMMON 0007C
USBEnableEndpoint@options                      cstackCOMMON 00077
USBEnableEndpoint@p                            cstackCOMMON 0007A
USBHIDCBSetIdleRateHandler@newIdleRate         cstackCOMMON 00070
USBHIDCBSetIdleRateHandler@reportID            cstackCOMMON 00073
USBStdFeatureReqHandler@current_ep_data        cstackBANK0  0005A
USBStdFeatureReqHandler@p                      cstackBANK0  0005B
USBStdFeatureReqHandler@pUEP                   cstackBANK0  00058
USBStdGetStatusHandler@p                       cstackCOMMON 00072
USBStdSetCfgHandler@i                          cstackBANK0  00059
USBStdSetCfgHandler@i_2020                     cstackBANK0  00058
USBStdSetCfgHandler@p                          cstackBANK0  00056
USBTransferOnePacket@data                      cstackBANK1  000A9
USBTransferOnePacket@dir                       cstackBANK1  000A8
USBTransferOnePacket@ep                        cstackBANK1  000B0
USBTransferOnePacket@handle                    cstackBANK1  000B1
USBTransferOnePacket@len                       cstackBANK1  000AB
USER_USB_CALLBACK_EVENT_HANDLER@event          cstackBANK0  00050
USER_USB_CALLBACK_EVENT_HANDLER@pdata          cstackBANK0  00052
USER_USB_CALLBACK_EVENT_HANDLER@size           cstackBANK0  00054
_ACTCON                                        (abs)        0039B
_ANSELA                                        (abs)        0018C
_ANSELC                                        (abs)        0018E
_APFCON                                        (abs)        0011D
_APP_KeyboardInit                              text68       01519
_APP_KeyboardProcessOutputReport               text45       01EA9
_APP_KeyboardTasks                             text28       0033F
_APP_KeyboardUpdateState                       text33       00085
_BAUDCON                                       (abs)        0019F
_BDT                                           (abs)        00020
_BORCON                                        (abs)        00116
_BothEP0OutUOWNsSet                            bssBANK2     0015E
_CtrlTrfData                                   (abs)        00048
_EUSART_DefaultErrorHandler                    text101      01E1D
_EUSART_DefaultFramingErrorHandler             text100      01E1C
_EUSART_DefaultOverrunErrorHandler             text99       01E29
_EUSART_ErrorHandler                           bssBANK2     00140
_EUSART_FramingErrorHandler                    bssBANK2     00144
_EUSART_Initialize                             text11       01407
_EUSART_OverrunErrorHandler                    bssBANK2     00142
_EUSART_Receive_ISR                            text98       01316
_EUSART_RxDataHandler                          text102      01FB8
_EUSART_RxDefaultInterruptHandler              bssBANK2     00148
_EUSART_SetErrorHandler                        text16       01E52
_EUSART_SetFramingErrorHandler                 text15       01E5A
_EUSART_SetOverrunErrorHandler                 text14       01E62
_EUSART_SetRxInterruptHandler                  text13       01E6A
_EUSART_SetTxInterruptHandler                  text12       01E72
_EUSART_Transmit_ISR                           text97       01166
_EUSART_TxDefaultInterruptHandler              bssBANK2     0014A
_EUSART_Write                                  text27       0121F
_EUSART_is_tx_ready                            text26       01E3A
_GenericQueue_Contains                         text40       01606
_GenericQueue_CopyToArray                      text31       01668
_GenericQueue_Dequeue                          text22       0088B
_GenericQueue_Enqueue                          text37       00823
_GenericQueue_Init                             text20       011FF
_GenericQueue_IsEmpty                          text44       01F51
_GenericQueue_IsFull                           text39       01F78
_GenericQueue_Remove                           text36       00640
_INTCONbits                                    (abs)        0000B
_INTERRUPT_InterruptManager                    intentry     00004
_IOCAF4_DefaultInterruptHandler                text89       00800
_IOCAF4_ISR                                    text88       01ECC
_IOCAF4_InterruptHandler                       nvBANK3      001CF
_IOCAF4_SetInterruptHandler                    text19       01E42
_IOCAF5_DefaultInterruptHandler                text86       00002
_IOCAF5_ISR                                    text85       01ED9
_IOCAF5_InterruptHandler                       nvBANK3      001CD
_IOCAF5_SetInterruptHandler                    text18       01E4A
_IOCAFbits                                     (abs)        00393
_IOCANbits                                     (abs)        00392
_IOCAPbits                                     (abs)        00391
_LATA                                          (abs)        0010C
_LATAbits                                      (abs)        0010C
_LATC                                          (abs)        0010E
_LocalSOFCount                                 bssBANK2     00136
_Log_Message                                   text25       0112E
_Log_UtilityConvertByteToHex                   text23       01243
_OPTION_REGbits                                (abs)        00095
_OSCCON                                        (abs)        00099
_OSCILLATOR_Initialize                         text10       01F00
_OSCTUNE                                       (abs)        00098
_OldSOFCount                                   bssBANK2     00134
_PIE1bits                                      (abs)        00091
_PIE2bits                                      (abs)        00092
_PIN_MANAGER_IOC                               text84       01E9E
_PIN_MANAGER_Initialize                        text9        012B4
_PIR1bits                                      (abs)        00011
_PIR2bits                                      (abs)        00012
_PLLRDY                                        (abs)        004D6
_PORTAbits                                     (abs)        0000C
_PR2                                           (abs)        0001B
_PS2Keyboard_ClockInterrupt                    text90       0054A
_PS2Keyboard_DataInterrupt                     text87       01F0D
_PS2Keyboard_GetLastCommand                    text35       01E20
_PS2Keyboard_GetScanCode                       text21       0114A
_PS2Keyboard_Init                              text17       010F7
_PS2Keyboard_SendCommand                       text46       01112
_PS2USB_ScanCodeToUSBHID                       text34       011A0
_RCREG                                         (abs)        00199
_RCSTA                                         (abs)        0019D
_RCSTAbits                                     (abs)        0019D
_RemoteWakeup                                  bssBANK2     00161
_SOFCounter                                    bssBANK2     0013A
_SPBRGH                                        (abs)        0019C
_SPBRGL                                        (abs)        0019B
_SYSTEM_Initialize                             text3        01F8C
_SetupPkt                                      (abs)        00040
_SysTimeInterrupt                              text82       01E8B
_SysTime_GetCurrentTimeMs                      text96       01E82
_SysTime_Init                                  text1        01084
_T2CON                                         (abs)        0001C
_T2CONbits                                     (abs)        0001C
_TMR2                                          (abs)        0001A
_TMR2_DefaultInterruptHandler                  text83       00003
_TMR2_ISR                                      text81       01EB4
_TMR2_Initialize                               text7        01F40
_TMR2_InterruptHandler                         bssBANK2     00146
_TMR2_SetInterruptHandler                      text8        01E7A
_TMR2_StartTimer                               text2        01E26
_TRISA                                         (abs)        0008C
_TRISAbits                                     (abs)        0008C
_TRISC                                         (abs)        0008E
_TXREG                                         (abs)        0019A
_TXSTA                                         (abs)        0019E
_UADDR                                         (abs)        00E96
_UCFG                                          (abs)        00E91
_UCON                                          (abs)        00E8E
_UCONbits                                      (abs)        00E8E
_UEIE                                          (abs)        00E97
_UEIR                                          (abs)        00E93
_UEP0                                          (abs)        00E98
_UEP0bits                                      (abs)        00E98
_UEP1                                          (abs)        00E99
_UIE                                           (abs)        00E92
_UIEbits                                       (abs)        00E92
_UIR                                           (abs)        00E90
_UIRbits                                       (abs)        00E90
_USB1msTickCount                               bssBANK3     001C0
_USBActiveConfiguration                        bssBANK0     0006F
_USBAlternateInterface                         bssBANK2     0016F
_USBBusIsSuspended                             bssBANK2     00160
_USBCheckHIDRequest                            text65       00CC2
_USBCheckStdRequest                            text58       009D8
_USBConfigureEndpoint                          text72       013C8
_USBCtrlEPAllowDataStage                       text57       01731
_USBCtrlEPAllowStatusStage                     text75       008F4
_USBCtrlEPService                              text54       014D2
_USBCtrlEPServiceComplete                      text56       00D50
_USBCtrlTrfInHandler                           text76       00A4B
_USBCtrlTrfOutHandler                          text73       01350
_USBCtrlTrfRxService                           text74       00734
_USBCtrlTrfSetupHandler                        text55       01561
_USBCtrlTrfTxService                           text80       016CA
_USBDeferINDataStagePackets                    bssBANK2     00159
_USBDeferOUTDataStagePackets                   bssBANK2     00158
_USBDeferStatusStagePacket                     bssBANK2     0015C
_USBDeviceAttach                               text6        007E7
_USBDeviceInit                                 text5        00E81
_USBDeviceState                                bssBANK0     0006C
_USBDeviceTasks                                text48       00F2D
_USBEnableEndpoint                             text71       011BF
_USBHIDCBSetIdleRateHandler                    text67       01EE6
_USBHIDCBSetReportComplete                     text77       01E33
_USBHIDCBSetReportHandler                      text66       01EF3
_USBIncrement1msInternalTimers                 text53       01FA1
_USBStallHandler                               text52       00801
_USBStatusStageEnabledFlag1                    bssBANK2     0015B
_USBStatusStageEnabledFlag2                    bssBANK2     0015A
_USBStatusStageTimeoutCounter                  bssBANK2     0015D
_USBStdFeatureReqHandler                       text63       0021F
_USBStdGetDscHandler                           text62       00C41
_USBStdGetStatusHandler                        text61       015A9
_USBStdSetCfgHandler                           text59       00966
_USBSuspend                                    text51       01FE8
_USBTicksSinceSuspendEnd                       bssBANK2     00157
_USBTransferOnePacket                          text30       00BC1
_USBWakeFromSuspend                            text50       01183
_USB_CD_Ptr                                    stringtext4  018C6
_USB_SD_Ptr                                    stringtext3  018BC
_USER_USB_CALLBACK_EVENT_HANDLER               text64       0138A
_USTAT                                         (abs)        00E8F
_USTATcopy                                     bssBANK0     0006E
_WDTCON                                        (abs)        00097
_WDT_Initialize                                text4        01E23
_WPUA                                          (abs)        0020C
__H__absolute__                                __absolute__ 00000
__Habs1                                        abs1         00000
__Hbank0                                       bank0        00000
__Hbank1                                       bank1        00000
__Hbank10                                      bank10       00000
__Hbank11                                      bank11       00000
__Hbank12                                      bank12       00000
__Hbank13                                      bank13       00000
__Hbank14                                      bank14       00000
__Hbank15                                      bank15       00000
__Hbank16                                      bank16       00000
__Hbank17                                      bank17       00000
__Hbank18                                      bank18       00000
__Hbank19                                      bank19       00000
__Hbank2                                       bank2        00000
__Hbank20                                      bank20       00000
__Hbank21                                      bank21       00000
__Hbank22                                      bank22       00000
__Hbank23                                      bank23       00000
__Hbank24                                      bank24       00000
__Hbank25                                      bank25       00000
__Hbank26                                      bank26       00000
__Hbank27                                      bank27       00000
__Hbank28                                      bank28       00000
__Hbank29                                      bank29       00000
__Hbank3                                       bank3        00000
__Hbank30                                      bank30       00000
__Hbank31                                      bank31       00000
__Hbank4                                       bank4        00000
__Hbank5                                       bank5        00000
__Hbank6                                       bank6        00000
__Hbank7                                       bank7        00000
__Hbank8                                       bank8        00000
__Hbank9                                       bank9        00000
__Hbigram                                      bigram       00000
__HbssBANK0                                    bssBANK0     00000
__HbssBANK1                                    bssBANK1     00000
__HbssBANK2                                    bssBANK2     00000
__HbssBANK3                                    bssBANK3     00000
__Hcinit                                       cinit        00085
__Hclrtext                                     clrtext      00000
__Hcode                                        code         00000
__Hcommon                                      common       00000
__Hconfig                                      config       08009
__HcstackBANK0                                 cstackBANK0  00000
__HcstackBANK1                                 cstackBANK1  00000
__HcstackCOMMON                                cstackCOMMON 00000
__HdataBANK3                                   dataBANK3    00000
__Heeprom_data                                 eeprom_data  00000
__Hend_init                                    end_init     0003F
__Hfunctab                                     functab      00000
__Hheap                                        heap         00000
__HidataBANK3                                  idataBANK3   00000
__Hinit                                        init         0003D
__Hintentry                                    intentry     0003D
__Hmaintext                                    maintext     00000
__HnvBANK3                                     nvBANK3      00000
__Hpowerup                                     powerup      00000
__Hram                                         ram          00000
__Hreset_vec                                   reset_vec    00002
__Hsfr0                                        sfr0         00000
__Hsfr1                                        sfr1         00000
__Hsfr10                                       sfr10        00000
__Hsfr11                                       sfr11        00000
__Hsfr12                                       sfr12        00000
__Hsfr13                                       sfr13        00000
__Hsfr14                                       sfr14        00000
__Hsfr15                                       sfr15        00000
__Hsfr16                                       sfr16        00000
__Hsfr17                                       sfr17        00000
__Hsfr18                                       sfr18        00000
__Hsfr19                                       sfr19        00000
__Hsfr2                                        sfr2         00000
__Hsfr20                                       sfr20        00000
__Hsfr21                                       sfr21        00000
__Hsfr22                                       sfr22        00000
__Hsfr23                                       sfr23        00000
__Hsfr24                                       sfr24        00000
__Hsfr25                                       sfr25        00000
__Hsfr26                                       sfr26        00000
__Hsfr27                                       sfr27        00000
__Hsfr28                                       sfr28        00000
__Hsfr29                                       sfr29        00000
__Hsfr3                                        sfr3         00000
__Hsfr30                                       sfr30        00000
__Hsfr31                                       sfr31        00000
__Hsfr4                                        sfr4         00000
__Hsfr5                                        sfr5         00000
__Hsfr6                                        sfr6         00000
__Hsfr7                                        sfr7         00000
__Hsfr8                                        sfr8         00000
__Hsfr9                                        sfr9         00000
__Hspace_0                                     (abs)        02000
__Hspace_1                                     (abs)        001D1
__Hspace_2                                     (abs)        00000
__Hspace_3                                     (abs)        00000
__Hspace_4                                     (abs)        10010
__Hstack                                       stack        00000
__Hstrings                                     strings      00000
__Hstringtext1                                 stringtext1  00000
__Hstringtext10                                stringtext10 00000
__Hstringtext2                                 stringtext2  00000
__Hstringtext3                                 stringtext3  00000
__Hstringtext4                                 stringtext4  00000
__Hstringtext5                                 stringtext5  00000
__Hstringtext6                                 stringtext6  00000
__Hstringtext7                                 stringtext7  00000
__Hstringtext8                                 stringtext8  00000
__Hstringtext9                                 stringtext9  00000
__Htext                                        text         00000
__L__absolute__                                __absolute__ 00000
__Labs1                                        abs1         00000
__Lbank0                                       bank0        00000
__Lbank1                                       bank1        00000
__Lbank10                                      bank10       00000
__Lbank11                                      bank11       00000
__Lbank12                                      bank12       00000
__Lbank13                                      bank13       00000
__Lbank14                                      bank14       00000
__Lbank15                                      bank15       00000
__Lbank16                                      bank16       00000
__Lbank17                                      bank17       00000
__Lbank18                                      bank18       00000
__Lbank19                                      bank19       00000
__Lbank2                                       bank2        00000
__Lbank20                                      bank20       00000
__Lbank21                                      bank21       00000
__Lbank22                                      bank22       00000
__Lbank23                                      bank23       00000
__Lbank24                                      bank24       00000
__Lbank25                                      bank25       00000
__Lbank26                                      bank26       00000
__Lbank27                                      bank27       00000
__Lbank28                                      bank28       00000
__Lbank29                                      bank29       00000
__Lbank3                                       bank3        00000
__Lbank30                                      bank30       00000
__Lbank31                                      bank31       00000
__Lbank4                                       bank4        00000
__Lbank5                                       bank5        00000
__Lbank6                                       bank6        00000
__Lbank7                                       bank7        00000
__Lbank8                                       bank8        00000
__Lbank9                                       bank9        00000
__Lbigram                                      bigram       00000
__LbssBANK0                                    bssBANK0     00000
__LbssBANK1                                    bssBANK1     00000
__LbssBANK2                                    bssBANK2     00000
__LbssBANK3                                    bssBANK3     00000
__Lcinit                                       cinit        0003F
__Lclrtext                                     clrtext      00000
__Lcode                                        code         00000
__Lcommon                                      common       00000
__Lconfig                                      config       00000
__LcstackBANK0                                 cstackBANK0  00000
__LcstackBANK1                                 cstackBANK1  00000
__LcstackCOMMON                                cstackCOMMON 00000
__LdataBANK3                                   dataBANK3    00000
__Leeprom_data                                 eeprom_data  00000
__Lend_init                                    end_init     0003D
__Lfunctab                                     functab      00000
__Lheap                                        heap         00000
__LidataBANK3                                  idataBANK3   00000
__Linit                                        init         0003D
__Lintentry                                    intentry     00004
__Lmaintext                                    maintext     00000
__LnvBANK3                                     nvBANK3      00000
__Lpowerup                                     powerup      00000
__Lram                                         ram          00000
__Lreset_vec                                   reset_vec    00000
__Lsfr0                                        sfr0         00000
__Lsfr1                                        sfr1         00000
__Lsfr10                                       sfr10        00000
__Lsfr11                                       sfr11        00000
__Lsfr12                                       sfr12        00000
__Lsfr13                                       sfr13        00000
__Lsfr14                                       sfr14        00000
__Lsfr15                                       sfr15        00000
__Lsfr16                                       sfr16        00000
__Lsfr17                                       sfr17        00000
__Lsfr18                                       sfr18        00000
__Lsfr19                                       sfr19        00000
__Lsfr2                                        sfr2         00000
__Lsfr20                                       sfr20        00000
__Lsfr21                                       sfr21        00000
__Lsfr22                                       sfr22        00000
__Lsfr23                                       sfr23        00000
__Lsfr24                                       sfr24        00000
__Lsfr25                                       sfr25        00000
__Lsfr26                                       sfr26        00000
__Lsfr27                                       sfr27        00000
__Lsfr28                                       sfr28        00000
__Lsfr29                                       sfr29        00000
__Lsfr3                                        sfr3         00000
__Lsfr30                                       sfr30        00000
__Lsfr31                                       sfr31        00000
__Lsfr4                                        sfr4         00000
__Lsfr5                                        sfr5         00000
__Lsfr6                                        sfr6         00000
__Lsfr7                                        sfr7         00000
__Lsfr8                                        sfr8         00000
__Lsfr9                                        sfr9         00000
__Lspace_0                                     (abs)        00000
__Lspace_1                                     (abs)        00000
__Lspace_2                                     (abs)        00000
__Lspace_3                                     (abs)        00000
__Lspace_4                                     (abs)        00000
__Lstack                                       stack        00000
__Lstrings                                     strings      00000
__Lstringtext1                                 stringtext1  00000
__Lstringtext10                                stringtext10 00000
__Lstringtext2                                 stringtext2  00000
__Lstringtext3                                 stringtext3  00000
__Lstringtext4                                 stringtext4  00000
__Lstringtext5                                 stringtext5  00000
__Lstringtext6                                 stringtext6  00000
__Lstringtext7                                 stringtext7  00000
__Lstringtext8                                 stringtext8  00000
__Lstringtext9                                 stringtext9  00000
__Ltext                                        text         00000
__S0                                           (abs)        02000
__S1                                           (abs)        001D1
___awmod                                       text43       0148D
___awmod@counter                               cstackBANK1  000AD
___awmod@dividend                              cstackBANK1  000AA
___awmod@divisor                               cstackBANK1  000A8
___awmod@sign                                  cstackBANK1  000AE
___bmul                                        text32       01F1E
___bmul@multiplicand                           cstackBANK1  000A8
___bmul@multiplier                             cstackBANK1  000AB
___bmul@product                                cstackBANK1  000AA
___heap_hi                                     (abs)        00000
___heap_lo                                     (abs)        00000
___int_sp                                      stack        00000
___int_stack_hi                                stack        00000
___int_stack_lo                                stack        00000
___latbits                                     (abs)        00002
___sp                                          stack        00000
___stack_hi                                    stack        00000
___stack_lo                                    stack        00000
___stackhi                                     (abs)        00000
___stacklo                                     (abs)        00000
___wmul                                        text42       010DC
___wmul@multiplicand                           cstackBANK1  000B1
___wmul@multiplier                             cstackBANK1  000AF
___wmul@product                                cstackBANK1  000B3
__end_of_APP_KeyboardInit                      text68       01561
__end_of_APP_KeyboardProcessOutputReport       text45       01EB4
__end_of_APP_KeyboardTasks                     text28       0044B
__end_of_APP_KeyboardUpdateState               text33       0021F
__end_of_EUSART_DefaultErrorHandler            text101      01E20
__end_of_EUSART_DefaultFramingErrorHandler     text100      01E1D
__end_of_EUSART_DefaultOverrunErrorHandler     text99       01E2D
__end_of_EUSART_Initialize                     text11       01448
__end_of_EUSART_Receive_ISR                    text98       01350
__end_of_EUSART_RxDataHandler                  text102      01FD0
__end_of_EUSART_SetErrorHandler                text16       01E5A
__end_of_EUSART_SetFramingErrorHandler         text15       01E62
__end_of_EUSART_SetOverrunErrorHandler         text14       01E6A
__end_of_EUSART_SetRxInterruptHandler          text13       01E72
__end_of_EUSART_SetTxInterruptHandler          text12       01E7A
__end_of_EUSART_Transmit_ISR                   text97       01183
__end_of_EUSART_Write                          text27       01243
__end_of_EUSART_is_tx_ready                    text26       01E42
__end_of_GenericQueue_Contains                 text40       01668
__end_of_GenericQueue_CopyToArray              text31       016CA
__end_of_GenericQueue_Dequeue                  text22       008F4
__end_of_GenericQueue_Enqueue                  text37       0088B
__end_of_GenericQueue_Init                     text20       0121F
__end_of_GenericQueue_IsEmpty                  text44       01F64
__end_of_GenericQueue_IsFull                   text39       01F8C
__end_of_GenericQueue_Remove                   text36       00734
__end_of_INTERRUPT_InterruptManager            intentry     0003D
__end_of_IOCAF4_DefaultInterruptHandler        text89       00801
__end_of_IOCAF4_ISR                            text88       01ED9
__end_of_IOCAF4_SetInterruptHandler            text19       01E4A
__end_of_IOCAF5_DefaultInterruptHandler        text86       00003
__end_of_IOCAF5_ISR                            text85       01EE6
__end_of_IOCAF5_SetInterruptHandler            text18       01E52
__end_of_Log_Message                           text25       0114A
__end_of_Log_UtilityConvertByteToHex           text23       01268
__end_of_OSCILLATOR_Initialize                 text10       01F0D
__end_of_PIN_MANAGER_IOC                       text84       01EA9
__end_of_PIN_MANAGER_Initialize                text9        012DF
__end_of_PS2Keyboard_ClockInterrupt            text90       00640
__end_of_PS2Keyboard_DataInterrupt             text87       01F1E
__end_of_PS2Keyboard_GetLastCommand            text35       01E23
__end_of_PS2Keyboard_GetScanCode               text21       01166
__end_of_PS2Keyboard_Init                      text17       01112
__end_of_PS2Keyboard_SendCommand               text46       0112E
__end_of_PS2USB_ScanCodeToUSBHID               text34       011BF
__end_of_SYSTEM_Initialize                     text3        01FA1
__end_of_SysTimeInterrupt                      text82       01E94
__end_of_SysTime_GetCurrentTimeMs              text96       01E8B
__end_of_SysTime_Init                          text1        0108F
__end_of_TMR2_DefaultInterruptHandler          text83       00004
__end_of_TMR2_ISR                              text81       01EC0
__end_of_TMR2_Initialize                       text7        01F51
[...]
__ptext60                                      text60       01FD0
__ptext61                                      text61       015A9
__ptext62                                      text62       00C41
__ptext63                                      text63       0021F
__ptext64                                      text64       0138A
__ptext65                                      text65       00CC2
__ptext66                                      text66       01EF3
__ptext67                                      text67       01EE6
__ptext68                                      text68       01519
__ptext69                                      text69       00B41
__ptext7                                       text7        01F40
__ptext70                                      text70       011DF
__ptext71                                      text71       011BF
__ptext72                                      text72       013C8
__ptext73                                      text73       01350
__ptext74                                      text74       00734
__ptext75                                      text75       008F4
__ptext76                                      text76       00A4B
__ptext77                                      text77       01E33
__ptext78                                      text78       01E94
__ptext79                                      text79       010A7
__ptext8                                       text8        01E7A
__ptext80                                      text80       016CA
__ptext81                                      text81       01EB4
__ptext82                                      text82       01E8B
__ptext83                                      text83       00003
__ptext84                                      text84       01E9E
__ptext85                                      text85       01ED9
__ptext86                                      text86       00002
__ptext87                                      text87       01F0D
__ptext88                                      text88       01ECC
__ptext89                                      text89       00800
__ptext9                                       text9        012B4
__ptext90                                      text90       0054A
__ptext91                                      text91       01798
__ptext92                                      text92       01268
__ptext93                                      text93       010C1
__ptext94                                      text94       01448
__ptext95                                      text95       01F64
__ptext96                                      text96       01E82
__ptext97                                      text97       01166
__ptext98                                      text98       01316
__ptext99                                      text99       01E29
_active_protocol                               bssBANK2     0016D
_configDescriptor1                             stringtext7  01873
_controlTransferState                          bssBANK0     0006A
_device_dsc                                    stringtext8  0189C
_endpoint_number                               bssBANK2     0015F
_ep_data_in                                    bssBANK2     0013E
_ep_data_out                                   bssBANK2     0013C
_eusartRxBuffer                                bssBANK3     001B0
_eusartRxCount                                 bssBANK2     00165
_eusartRxHead                                  bssBANK0     0006D
_eusartRxLastError                             bssBANK2     00164
_eusartRxStatusBuffer                          bssBANK3     001A8
_eusartRxTail                                  bssBANK2     00166
_eusartTxBuffer                                bssBANK3     001B8
_eusartTxBufferRemaining                       bssBANK2     00167
_eusartTxHead                                  bssBANK2     00169
_eusartTxTail                                  bssBANK2     00168
_hex2str                                       text24       01F2F
_hid_rpt01                                     stringtext5  01800
_idle_rate                                     bssBANK2     0016E
_inPipes                                       bssBANK1     000EB
_inputReport                                   (abs)        000A0
_keyboard                                      (abs)        0232C
_keyboardCommand                               bssBANK2     0014E
_keyboardCommandBits                           bssBANK2     0014D
_keyboardCommandCount                          bssBANK0     00069
_keyboardCommandOnes                           bssBANK2     0014C
_keyboardData                                  bssBANK2     00151
_keyboardIdleRate                              bssBANK2     00138
_keyboardIndexData                             bssBANK2     00154
_keyboardIsBreak                               bssBANK2     0014F
_keyboardIsExtend                              bssBANK2     00150
_keyboardOnesCount                             bssBANK2     00153
_keyboardScanCode                              bssBANK2     0016A
_keyboardScanCodeQueue                         (abs)        02391
_keyboardScanCodeValid                         bssBANK2     00152
_keyboardState                                 bssBANK2     00155
_main                                          maintext     00AC6
_main$2582                                     cstackBANK1  000DF
_main$2583                                     cstackBANK1  000E1
_memcmp                                        text41       012DF
_memcpy                                        text38       0128E
_memset                                        text29       0108F
_oldInputReport                                bssBANK3     001A0
_oreflag                                       bssBANK2     00156
_outPipes                                      bssBANK2     00121
_outputReport                                  (abs)        00120
_pBDTEntryEP0OutCurrent                        bssBANK0     0006B
_pBDTEntryEP0OutNext                           bssBANK0     00067
_pBDTEntryIn                                   bssBANK0     00063
_pBDTEntryOut                                  bssBANK2     00130
_pDst                                          bssBANK2     00162
_prevTimeMs                                    bssBANK2     0012C
_ps2ExtUsbMap                                  stringtext1  0044B
_ps2UsbMap                                     stringtext2  01000
_sd000                                         stringtext10 018C2
_sd001                                         stringtext6  0183F
_sd002                                         stringtext9  018AE
_shortPacketStatus                             bssBANK2     00163
_timeMs                                        bssBANK2     00128
btemp                                          (abs)        0007E
clear_ram0                                     clrtext      01EC0
end_of_initialization                          cinit        00081
hex2str@val                                    cstackBANK1  000A8
i1GenericQueue_Enqueue@item                    cstackBANK0  00057
i1GenericQueue_Enqueue@q                       cstackBANK0  00055
i1GenericQueue_Init@element_size               cstackCOMMON 00072
i1GenericQueue_Init@q                          cstackCOMMON 00070
i1GenericQueue_IsFull@q                        cstackCOMMON 00070
i1PS2Keyboard_SendCommand@cmd                  cstackCOMMON 00070
i1USBDeviceInit@i                              cstackCOMMON 00077
i1USBDeviceInit@i_1324                         cstackCOMMON 00076
i1USBDeviceInit@p                              cstackCOMMON 00074
i1USBTransferOnePacket@data                    cstackCOMMON 00071
i1USBTransferOnePacket@dir                     cstackCOMMON 00070
i1USBTransferOnePacket@ep                      cstackCOMMON 00078
i1USBTransferOnePacket@handle                  cstackCOMMON 00079
i1USBTransferOnePacket@len                     cstackCOMMON 00073
i1_APP_KeyboardProcessOutputReport             text78       01E94
i1_GenericQueue_Enqueue                        text91       01798
i1_GenericQueue_Init                           text70       011DF
i1_GenericQueue_IsFull                         text95       01F64
i1_PS2Keyboard_SendCommand                     text79       010A7
i1_USBDeviceInit                               text49       00DDE
i1_USBTransferOnePacket                        text69       00B41
i1___awmod                                     text94       01448
i1___awmod@counter                             cstackCOMMON 00075
i1___awmod@dividend                            cstackCOMMON 00072
i1___awmod@divisor                             cstackCOMMON 00070
i1___awmod@sign                                cstackCOMMON 00076
i1___wmul                                      text93       010C1
i1___wmul@multiplicand                         cstackCOMMON 00072
i1___wmul@multiplier                           cstackCOMMON 00070
i1___wmul@product                              cstackCOMMON 00074
i1_memcpy                                      text92       01268
i1_memset                                      text60       01FD0
i1memcpy@d                                     cstackBANK0  00050
i1memcpy@d1                                    cstackCOMMON 00076
i1memcpy@n                                     cstackCOMMON 0007A
i1memcpy@s                                     cstackBANK0  00052
i1memcpy@s1                                    cstackCOMMON 00078
i1memcpy@tmp                                   cstackBANK0  00054
i1memset@c                                     cstackCOMMON 00072
i1memset@dest                                  cstackCOMMON 00070
i1memset@n                                     cstackCOMMON 00074
i1memset@p                                     cstackCOMMON 00076
int$flags                                      (abs)        0007E
intlevel0                                      functab      00000
intlevel1                                      functab      00000
intlevel2                                      functab      00000
intlevel3                                      functab      00000
intlevel4                                      functab      00000
intlevel5                                      functab      00000
main@F3301                                     bssBANK3     001C4
main@F3305                                     dataBANK3    001C7
main@hndlScanCode                              cstackBANK1  000E7
main@initCode                                  cstackBANK1  000E4
main@scanCode                                  cstackBANK1  000E8
main@scanCodeStr                               cstackBANK1  000D9
main@scanCodeValid                             cstackBANK1  000E3
memcmp@l                                       cstackBANK1  000BB
memcmp@n                                       cstackBANK1  000B8
memcmp@r                                       cstackBANK1  000BD
memcmp@vl                                      cstackBANK1  000B5
memcmp@vr                                      cstackBANK1  000B7
memcpy@d                                       cstackBANK1  000BB
memcpy@d1                                      cstackBANK1  000B5
memcpy@n                                       cstackBANK1  000B9
memcpy@s                                       cstackBANK1  000BD
memcpy@s1                                      cstackBANK1  000B7
memcpy@tmp                                     cstackBANK1  000BF
memset@c                                       cstackBANK1  000AA
memset@dest                                    cstackBANK1  000A8
memset@n                                       cstackBANK1  000AC
memset@p                                       cstackBANK1  000AE
reset_vec                                      reset_vec    00000
start                                          init         0003D
start_initialization                           cinit        0003F
wtemp0                                         (abs)        0007E


MODULE INFORMATION

Module		Function		Class		Link	Load	Size
systime.c
		_SysTime_GetCurrentTimeMs		CODE           	1E82	0000	9
		_SysTime_Init  		CODE           	1084	0000	11
		_SysTimeInterrupt		CODE           	1E8B	0000	9

systime.c estimated size: 29

ps2_keyboard.c
		_PS2Keyboard_ClockInterrupt		CODE           	054A	0000	246
		_PS2Keyboard_SendCommand		CODE           	1112	0000	28
		_PS2Keyboard_GetScanCode		CODE           	114A	0000	28
		_PS2Keyboard_GetLastCommand		CODE           	1E20	0000	3
		_PS2Keyboard_Init		CODE           	10F7	0000	27
		_PS2Keyboard_DataInterrupt		CODE           	1F0D	0000	17

ps2_keyboard.c estimated size: 349

usb/usb_device_hid.c
		_USBCheckHIDRequest		CODE           	0CC2	0000	142

usb/usb_device_hid.c estimated size: 142

/opt/microchip/xc8/v2.45/pic/sources/c99/common/memset.c
		_memset        		CODE           	108F	0000	24

/opt/microchip/xc8/v2.45/pic/sources/c99/common/memset.c estimated size: 24

generic_queue.c
		_GenericQueue_IsEmpty		CODE           	1F51	0000	19
		_GenericQueue_IsFull		CODE           	1F78	0000	20
		_GenericQueue_CopyToArray		CODE           	1668	0000	98
		_GenericQueue_Remove		CODE           	0640	0000	244
		_GenericQueue_Contains		CODE           	1606	0000	98
		_GenericQueue_Dequeue		CODE           	088B	0000	105
		_GenericQueue_Enqueue		CODE           	0823	0000	104
		_GenericQueue_Init		CODE           	11FF	0000	32

generic_queue.c estimated size: 720

mcc_generated_files/tmr2.c
		_TMR2_ISR      		CODE           	1EB4	0000	12
		_TMR2_Initialize		CODE           	1F40	0000	17
		_TMR2_SetInterruptHandler		CODE           	1E7A	0000	8
		_TMR2_DefaultInterruptHandler		CODE           	0003	0000	1
		_TMR2_StartTimer		CODE           	1E26	0000	3

mcc_generated_files/tmr2.c estimated size: 41

mcc_generated_files/interrupt_manager.c
		_INTERRUPT_InterruptManager		CODE           	0004	0000	57

mcc_generated_files/interrupt_manager.c estimated size: 57

/opt/microchip/xc8/v2.45/pic/sources/c99/common/Umul8.c
		___bmul        		CODE           	1F1E	0000	17

/opt/microchip/xc8/v2.45/pic/sources/c99/common/Umul8.c estimated size: 17

log.c
		_Log_Message   		CODE           	112E	0000	28
		_Log_UtilityConvertByteToHex		CODE           	1243	0000	37
		_hex2str       		CODE           	1F2F	0000	17

log.c estimated size: 82

mcc_generated_files/pin_manager.c
		_IOCAF5_SetInterruptHandler		CODE           	1E4A	0000	8
		_PIN_MANAGER_Initialize		CODE           	12B4	0000	43
		_IOCAF4_DefaultInterruptHandler		CODE           	0800	0000	1
		_IOCAF4_ISR    		CODE           	1ECC	0000	13
		_IOCAF5_DefaultInterruptHandler		CODE           	0002	0000	1
		_IOCAF5_ISR    		CODE           	1ED9	0000	13
		_PIN_MANAGER_IOC		CODE           	1E9E	0000	11
		_IOCAF4_SetInterruptHandler		CODE           	1E42	0000	8

mcc_generated_files/pin_manager.c estimated size: 98

/opt/microchip/xc8/v2.45/pic/sources/c99/common/memcmp.c
		_memcmp        		CODE           	12DF	0000	55

/opt/microchip/xc8/v2.45/pic/sources/c99/common/memcmp.c estimated size: 55

/opt/microchip/xc8/v2.45/pic/sources/c99/common/memcpy.c
		_memcpy        		CODE           	128E	0000	38

/opt/microchip/xc8/v2.45/pic/sources/c99/common/memcpy.c estimated size: 38

/opt/microchip/xc8/v2.45/pic/sources/c99/common/Umul16.c
		___wmul        		CODE           	10DC	0000	27

/opt/microchip/xc8/v2.45/pic/sources/c99/common/Umul16.c estimated size: 27

usb/usb_device.c
		_USBCtrlTrfInHandler		CODE           	0A4B	0000	123
		_USBTransferOnePacket		CODE           	0BC1	0000	128
		_USBDeviceAttach		CODE           	07E7	0000	25
		_USBStdGetDscHandler		CODE           	0C41	0000	129
		_USBCtrlEPAllowDataStage		CODE           	1731	0000	103
		_USBStdFeatureReqHandler		CODE           	021F	0000	288
		_USBCtrlEPAllowStatusStage		CODE           	08F4	0000	114
		_USBCtrlTrfSetupHandler		CODE           	1561	0000	72
		_USBCtrlTrfOutHandler		CODE           	1350	0000	58
		_USBCtrlEPServiceComplete		CODE           	0D50	0000	142
		_USBSuspend    		CODE           	1FE8	0000	24
		_USBStdSetCfgHandler		CODE           	0966	0000	114
		_USBStdGetStatusHandler		CODE           	15A9	0000	93
		_USBWakeFromSuspend		CODE           	1183	0000	29
		_USBCtrlTrfRxService		CODE           	0734	0000	179
		_USBCtrlTrfTxService		CODE           	16CA	0000	103
		_USBEnableEndpoint		CODE           	11BF	0000	32
		_USBConfigureEndpoint		CODE           	13C8	0000	63
		_USBDeviceInit 		CODE           	0E81	0000	172
		_USBIncrement1msInternalTimers		CODE           	1FA1	0000	23
		_USBCtrlEPService		CODE           	14D2	0000	71
		_USBStallHandler		CODE           	0801	0000	34
		_USBDeviceTasks		CODE           	0F2D	0000	211
		_USBCheckStdRequest		CODE           	09D8	0000	115

usb/usb_device.c estimated size: 2445

app_device_keyboard.c
		_APP_KeyboardProcessOutputReport		CODE           	1EA9	0000	11
		_APP_KeyboardUpdateState		CODE           	0085	0000	410
		_APP_KeyboardInit		CODE           	1519	0000	72
		_USBHIDCBSetIdleRateHandler		CODE           	1EE6	0000	13
		_USBHIDCBSetReportHandler		CODE           	1EF3	0000	13
		_APP_KeyboardTasks		CODE           	033F	0000	268
		_USBHIDCBSetReportComplete		CODE           	1E33	0000	7

app_device_keyboard.c estimated size: 794

shared
		_configDescriptor1		STRCODE        	1873	0000	41
		_USB_CD_Ptr    		STRCODE        	18C6	0000	2
		_sd001         		STRCODE        	183F	0000	52
		i1_GenericQueue_IsFull		CODE           	1F64	0000	20
		_sd002         		STRCODE        	18AE	0000	14
		i1_USBDeviceInit		CODE           	0DDE	0000	163
		i1___wmul      		CODE           	10C1	0000	27
		__initialization		CODE           	003F	0000	66
		i1___awmod     		CODE           	1448	0000	69
		_device_dsc    		STRCODE        	189C	0000	18
		i1_GenericQueue_Enqueue		CODE           	1798	0000	104
		_ps2UsbMap     		STRCODE        	1000	0000	132
		_USB_SD_Ptr    		STRCODE        	18BC	0000	6
		_hid_rpt01     		STRCODE        	1800	0000	63
		i1_memset      		CODE           	1FD0	0000	24
		i1_GenericQueue_Init		CODE           	11DF	0000	32
		_sd000         		STRCODE        	18C2	0000	4
		_ps2ExtUsbMap  		STRCODE        	044B	0000	255
		i1_memcpy      		CODE           	1268	0000	38
		i1_USBTransferOnePacket		CODE           	0B41	0000	128
		i1_PS2Keyboard_SendCommand		CODE           	10A7	0000	26
		i1_APP_KeyboardProcessOutputReport		CODE           	1E94	0000	10

shared estimated size: 1294

usb/usb_events.c
		_USER_USB_CALLBACK_EVENT_HANDLER		CODE           	138A	0000	62

usb/usb_events.c estimated size: 62

mcc_generated_files/mcc.c
		_WDT_Initialize		CODE           	1E23	0000	3
		_OSCILLATOR_Initialize		CODE           	1F00	0000	13
		_SYSTEM_Initialize		CODE           	1F8C	0000	21

mcc_generated_files/mcc.c estimated size: 37

/opt/microchip/xc8/v2.45/pic/sources/c99/common/awmod.c
		___awmod       		CODE           	148D	0000	69

/opt/microchip/xc8/v2.45/pic/sources/c99/common/awmod.c estimated size: 69

ps2usb.c
		_PS2USB_ScanCodeToUSBHID		CODE           	11A0	0000	31

ps2usb.c estimated size: 31

mcc_generated_files/eusart.c
		_EUSART_SetRxInterruptHandler		CODE           	1E6A	0000	8
		_EUSART_SetTxInterruptHandler		CODE           	1E72	0000	8
		_EUSART_DefaultOverrunErrorHandler		CODE           	1E29	0000	4
		_EUSART_Write  		CODE           	121F	0000	36
		_EUSART_DefaultErrorHandler		CODE           	1E1D	0000	3
		_EUSART_Transmit_ISR		CODE           	1166	0000	29
		_EUSART_Initialize		CODE           	1407	0000	65
		_EUSART_SetFramingErrorHandler		CODE           	1E5A	0000	8
		_EUSART_SetErrorHandler		CODE           	1E52	0000	8
		_EUSART_SetOverrunErrorHandler		CODE           	1E62	0000	8
		_EUSART_Receive_ISR		CODE           	1316	0000	58
		_EUSART_RxDataHandler		CODE           	1FB8	0000	24
		_EUSART_DefaultFramingErrorHandler		CODE           	1E1C	0000	1
		_EUSART_is_tx_ready		CODE           	1E3A	0000	8

mcc_generated_files/eusart.c estimated size: 268

main.c
		_main          		CODE           	0AC6	0000	123

main.c estimated size: 123

